[0m10:13:36.346723 [debug] [MainThread]: Sending event: {'category': 'dbt', 'action': 'invocation', 'label': 'start', 'context': [<snowplow_tracker.self_describing_json.SelfDescribingJson object at 0x7c9278ab9870>, <snowplow_tracker.self_describing_json.SelfDescribingJson object at 0x7c9277a78220>, <snowplow_tracker.self_describing_json.SelfDescribingJson object at 0x7c9277a781c0>]}


============================== 10:13:36.353356 | 8e36860d-061f-4bdd-a104-4b46e2fcb102 ==============================
[0m10:13:36.353356 [info ] [MainThread]: Running with dbt=1.10.15
[0m10:13:36.355400 [debug] [MainThread]: running dbt with arguments {'log_cache_events': 'False', 'write_json': 'True', 'empty': 'None', 'debug': 'False', 'quiet': 'False', 'printer_width': '80', 'cache_selected_only': 'False', 'log_path': 'logs', 'warn_error': 'None', 'use_colors': 'True', 'static_parser': 'True', 'partial_parse': 'True', 'no_print': 'None', 'indirect_selection': 'eager', 'profiles_dir': '/root/.dbt', 'warn_error_options': 'WarnErrorOptionsV2(error=[], warn=[], silence=[])', 'fail_fast': 'False', 'log_format': 'default', 'invocation_command': 'dbt init practica_DBT_SALVA', 'use_experimental_parser': 'False', 'target_path': 'None', 'version_check': 'True', 'send_anonymous_usage_stats': 'True', 'introspect': 'True'}
[0m10:13:36.365177 [info ] [MainThread]: Creating dbt configuration folder at /root/.dbt
[0m10:13:36.371583 [debug] [MainThread]: Starter project path: /usr/local/lib/python3.10/site-packages/dbt/include/starter_project
[0m10:13:36.955216 [info ] [MainThread]: 
Your new dbt project "practica_DBT_SALVA" was created!

For more information on how to configure the profiles.yml file,
please consult the dbt documentation here:

  https://docs.getdbt.com/docs/configure-your-profile

One more thing:

Need help? Don't hesitate to reach out to us via GitHub issues or on Slack:

  https://community.getdbt.com/

Happy modeling!

[0m10:13:36.965099 [info ] [MainThread]: Setting up your profile.
[0m10:14:01.016203 [info ] [MainThread]: Profile practica_DBT_SALVA written to /root/.dbt/profiles.yml using target's sample configuration. Once updated, you'll be able to start developing with dbt.
[0m10:14:01.019829 [debug] [MainThread]: Resource report: {"command_name": "init", "command_success": true, "command_wall_clock_time": 24.742245, "process_in_blocks": "0", "process_kernel_time": 0.514939, "process_mem_max_rss": "124460", "process_out_blocks": "8", "process_user_time": 2.189508}
[0m10:14:01.021612 [debug] [MainThread]: Command `dbt init` succeeded at 10:14:01.021475 after 24.74 seconds
[0m10:14:01.023228 [debug] [MainThread]: Sending event: {'category': 'dbt', 'action': 'invocation', 'label': 'end', 'context': [<snowplow_tracker.self_describing_json.SelfDescribingJson object at 0x7c9278ab9870>, <snowplow_tracker.self_describing_json.SelfDescribingJson object at 0x7c92779b2110>, <snowplow_tracker.self_describing_json.SelfDescribingJson object at 0x7c92778c3430>]}
[0m10:14:01.024768 [debug] [MainThread]: Flushing usage events
[0m10:14:02.217822 [debug] [MainThread]: An error was encountered while trying to flush usage events
[0m20:59:29.300144 [debug] [MainThread]: Sending event: {'category': 'dbt', 'action': 'invocation', 'label': 'start', 'context': [<snowplow_tracker.self_describing_json.SelfDescribingJson object at 0x7c2e2bd45870>, <snowplow_tracker.self_describing_json.SelfDescribingJson object at 0x7c2e2acdc250>, <snowplow_tracker.self_describing_json.SelfDescribingJson object at 0x7c2e2acdc160>]}


============================== 20:59:29.307938 | 43f4911c-dfc4-4d05-8f1d-e021b8c7b84a ==============================
[0m20:59:29.307938 [info ] [MainThread]: Running with dbt=1.10.15
[0m20:59:29.309465 [debug] [MainThread]: running dbt with arguments {'fail_fast': 'False', 'write_json': 'True', 'introspect': 'True', 'use_experimental_parser': 'False', 'send_anonymous_usage_stats': 'True', 'warn_error': 'None', 'partial_parse': 'True', 'version_check': 'True', 'no_print': 'None', 'quiet': 'False', 'empty': 'None', 'log_cache_events': 'False', 'static_parser': 'True', 'invocation_command': 'dbt seed', 'profiles_dir': '/root/.dbt', 'warn_error_options': 'WarnErrorOptionsV2(error=[], warn=[], silence=[])', 'use_colors': 'True', 'debug': 'False', 'log_path': 'logs', 'cache_selected_only': 'False', 'target_path': 'None', 'indirect_selection': 'eager', 'printer_width': '80', 'log_format': 'default'}
[0m20:59:29.311269 [error] [MainThread]: Encountered an error:
Runtime Error
  No dbt_project.yml found at expected path /usr/app/dbt_project.yml
  Verify that each entry within packages.yml (and their transitive dependencies) contains a file named dbt_project.yml
  
[0m20:59:29.313640 [debug] [MainThread]: Resource report: {"command_name": "seed", "command_success": false, "command_wall_clock_time": 0.096551456, "process_in_blocks": "8", "process_kernel_time": 0.268057, "process_mem_max_rss": "98400", "process_out_blocks": "8", "process_user_time": 1.3963}
[0m20:59:29.315091 [debug] [MainThread]: Command `dbt seed` failed at 20:59:29.314966 after 0.10 seconds
[0m20:59:29.316178 [debug] [MainThread]: Sending event: {'category': 'dbt', 'action': 'invocation', 'label': 'end', 'context': [<snowplow_tracker.self_describing_json.SelfDescribingJson object at 0x7c2e2bd45870>, <snowplow_tracker.self_describing_json.SelfDescribingJson object at 0x7c2e2ac209d0>, <snowplow_tracker.self_describing_json.SelfDescribingJson object at 0x7c2e2ac21e70>]}
[0m20:59:29.317262 [debug] [MainThread]: Flushing usage events
[0m20:59:29.871591 [debug] [MainThread]: An error was encountered while trying to flush usage events
[0m20:59:48.669384 [debug] [MainThread]: Sending event: {'category': 'dbt', 'action': 'invocation', 'label': 'start', 'context': [<snowplow_tracker.self_describing_json.SelfDescribingJson object at 0x77c409afd900>, <snowplow_tracker.self_describing_json.SelfDescribingJson object at 0x77c408ac4250>, <snowplow_tracker.self_describing_json.SelfDescribingJson object at 0x77c408ac41f0>]}


============================== 20:59:48.675437 | 433bc76c-88e9-46de-971e-076298098538 ==============================
[0m20:59:48.675437 [info ] [MainThread]: Running with dbt=1.10.15
[0m20:59:48.677376 [debug] [MainThread]: running dbt with arguments {'version_check': 'True', 'cache_selected_only': 'False', 'use_experimental_parser': 'False', 'log_cache_events': 'False', 'static_parser': 'True', 'no_print': 'None', 'printer_width': '80', 'use_colors': 'True', 'debug': 'False', 'quiet': 'False', 'partial_parse': 'True', 'invocation_command': 'dbt debug', 'send_anonymous_usage_stats': 'True', 'write_json': 'True', 'empty': 'None', 'warn_error': 'None', 'target_path': 'None', 'indirect_selection': 'eager', 'fail_fast': 'False', 'profiles_dir': '/root/.dbt', 'log_path': 'logs', 'introspect': 'True', 'warn_error_options': 'WarnErrorOptionsV2(error=[], warn=[], silence=[])', 'log_format': 'default'}
[0m20:59:48.719390 [info ] [MainThread]: dbt version: 1.10.15
[0m20:59:48.721109 [info ] [MainThread]: python version: 3.10.19
[0m20:59:48.723551 [info ] [MainThread]: python path: /usr/local/bin/python3.10
[0m20:59:48.725604 [info ] [MainThread]: os info: Linux-6.6.87.2-microsoft-standard-WSL2-x86_64-with-glibc2.41
[0m20:59:49.004822 [info ] [MainThread]: Using profiles dir at /root/.dbt
[0m20:59:49.008506 [info ] [MainThread]: Using profiles.yml file at /root/.dbt/profiles.yml
[0m20:59:49.012603 [info ] [MainThread]: Using dbt_project.yml file at /usr/app/dbt_project.yml
[0m20:59:49.019892 [info ] [MainThread]: adapter type: duckdb
[0m20:59:49.024203 [info ] [MainThread]: adapter version: 1.10.0
[0m20:59:49.033225 [info ] [MainThread]: Configuration:
[0m20:59:49.038588 [info ] [MainThread]:   profiles.yml file [[32mOK found and valid[0m]
[0m20:59:49.041596 [info ] [MainThread]:   dbt_project.yml file [[31mERROR not found[0m]
[0m20:59:49.044830 [info ] [MainThread]: Required dependencies:
[0m20:59:49.048333 [debug] [MainThread]: Executing "git --help"
[0m20:59:49.083295 [debug] [MainThread]: STDOUT: "b"usage: git [-v | --version] [-h | --help] [-C <path>] [-c <name>=<value>]\n           [--exec-path[=<path>]] [--html-path] [--man-path] [--info-path]\n           [-p | --paginate | -P | --no-pager] [--no-replace-objects] [--no-lazy-fetch]\n           [--no-optional-locks] [--no-advice] [--bare] [--git-dir=<path>]\n           [--work-tree=<path>] [--namespace=<name>] [--config-env=<name>=<envvar>]\n           <command> [<args>]\n\nThese are common Git commands used in various situations:\n\nstart a working area (see also: git help tutorial)\n   clone     Clone a repository into a new directory\n   init      Create an empty Git repository or reinitialize an existing one\n\nwork on the current change (see also: git help everyday)\n   add       Add file contents to the index\n   mv        Move or rename a file, a directory, or a symlink\n   restore   Restore working tree files\n   rm        Remove files from the working tree and from the index\n\nexamine the history and state (see also: git help revisions)\n   bisect    Use binary search to find the commit that introduced a bug\n   diff      Show changes between commits, commit and working tree, etc\n   grep      Print lines matching a pattern\n   log       Show commit logs\n   show      Show various types of objects\n   status    Show the working tree status\n\ngrow, mark and tweak your common history\n   branch    List, create, or delete branches\n   commit    Record changes to the repository\n   merge     Join two or more development histories together\n   rebase    Reapply commits on top of another base tip\n   reset     Reset current HEAD to the specified state\n   switch    Switch branches\n   tag       Create, list, delete or verify a tag object signed with GPG\n\ncollaborate (see also: git help workflows)\n   fetch     Download objects and refs from another repository\n   pull      Fetch from and integrate with another repository or a local branch\n   push      Update remote refs along with associated objects\n\n'git help -a' and 'git help -g' list available subcommands and some\nconcept guides. See 'git help <command>' or 'git help <concept>'\nto read about a specific subcommand or concept.\nSee 'git help git' for an overview of the system.\n""
[0m20:59:49.084865 [debug] [MainThread]: STDERR: "b''"
[0m20:59:49.085891 [info ] [MainThread]:  - git [[32mOK found[0m]

[0m20:59:49.088587 [info ] [MainThread]: Connection:
[0m20:59:49.091261 [info ] [MainThread]:   database: dev
[0m20:59:49.094277 [info ] [MainThread]:   schema: main
[0m20:59:49.098530 [info ] [MainThread]:   path: dev.duckdb
[0m20:59:49.100165 [info ] [MainThread]:   config_options: None
[0m20:59:49.101670 [info ] [MainThread]:   extensions: None
[0m20:59:49.103057 [info ] [MainThread]:   settings: {}
[0m20:59:49.104906 [info ] [MainThread]:   external_root: .
[0m20:59:49.107339 [info ] [MainThread]:   use_credential_provider: None
[0m20:59:49.110180 [info ] [MainThread]:   attach: None
[0m20:59:49.113689 [info ] [MainThread]:   filesystems: None
[0m20:59:49.116286 [info ] [MainThread]:   remote: None
[0m20:59:49.118676 [info ] [MainThread]:   plugins: None
[0m20:59:49.121060 [info ] [MainThread]:   disable_transactions: False
[0m20:59:49.123488 [info ] [MainThread]: Registered adapter: duckdb=1.10.0
[0m20:59:49.227206 [debug] [MainThread]: Acquiring new duckdb connection 'debug'
[0m20:59:49.338404 [debug] [MainThread]: Using duckdb connection "debug"
[0m20:59:49.339995 [debug] [MainThread]: On debug: select 1 as id
[0m20:59:49.341367 [debug] [MainThread]: Opening a new connection, currently in state init
[0m20:59:49.390681 [debug] [MainThread]: SQL status: OK in 0.049 seconds
[0m20:59:49.392793 [debug] [MainThread]: On debug: Close
[0m20:59:49.394243 [info ] [MainThread]:   Connection test: [[32mOK connection ok[0m]

[0m20:59:49.396148 [info ] [MainThread]: [31m1 check failed:[0m
[0m20:59:49.397929 [info ] [MainThread]: Project loading failed for the following reason:
 project path </usr/app/dbt_project.yml> not found

[0m20:59:49.400719 [debug] [MainThread]: Resource report: {"command_name": "debug", "command_success": false, "command_wall_clock_time": 0.7966521, "process_in_blocks": "6320", "process_kernel_time": 0.405734, "process_mem_max_rss": "136120", "process_out_blocks": "0", "process_user_time": 1.928243}
[0m20:59:49.402591 [debug] [MainThread]: Command `dbt debug` failed at 20:59:49.402470 after 0.80 seconds
[0m20:59:49.403953 [debug] [MainThread]: Connection 'debug' was properly closed.
[0m20:59:49.405374 [debug] [MainThread]: Sending event: {'category': 'dbt', 'action': 'invocation', 'label': 'end', 'context': [<snowplow_tracker.self_describing_json.SelfDescribingJson object at 0x77c409afd900>, <snowplow_tracker.self_describing_json.SelfDescribingJson object at 0x77c404f4c280>, <snowplow_tracker.self_describing_json.SelfDescribingJson object at 0x77c404f4c1c0>]}
[0m20:59:49.406691 [debug] [MainThread]: Flushing usage events
[0m20:59:49.896155 [debug] [MainThread]: An error was encountered while trying to flush usage events
