[0m12:42:04.463966 [debug] [MainThread]: Sending event: {'category': 'dbt', 'action': 'invocation', 'label': 'start', 'context': [<snowplow_tracker.self_describing_json.SelfDescribingJson object at 0x107b84980>, <snowplow_tracker.self_describing_json.SelfDescribingJson object at 0x10942f9d0>, <snowplow_tracker.self_describing_json.SelfDescribingJson object at 0x10942fc50>]}


============================== 12:42:04.473316 | 4c87d532-c7b7-4b85-a004-ff4c3bf6f041 ==============================
[0m12:42:04.473316 [info ] [MainThread]: Running with dbt=1.10.15
[0m12:42:04.473822 [debug] [MainThread]: running dbt with arguments {'introspect': 'True', 'quiet': 'False', 'debug': 'False', 'empty': 'None', 'warn_error_options': 'WarnErrorOptionsV2(error=[], warn=[], silence=[])', 'warn_error': 'None', 'use_colors': 'True', 'target_path': 'None', 'send_anonymous_usage_stats': 'True', 'log_format': 'default', 'partial_parse': 'True', 'use_experimental_parser': 'False', 'fail_fast': 'False', 'static_parser': 'True', 'write_json': 'True', 'indirect_selection': 'eager', 'profiles_dir': '/Users/carlabarat/.dbt', 'log_cache_events': 'False', 'printer_width': '80', 'version_check': 'True', 'no_print': 'None', 'log_path': 'logs', 'cache_selected_only': 'False', 'invocation_command': 'dbt init proyecto_carla'}
[0m12:42:04.487609 [debug] [MainThread]: Starter project path: /Users/carlabarat/Documents/GitHub/EDEM_MDA2526/ALUMNOS/MDAB/CARLA_BARAT/DBT/.venv/lib/python3.13/site-packages/dbt/include/starter_project
[0m12:42:04.494887 [info ] [MainThread]: 
Your new dbt project "proyecto_carla" was created!

For more information on how to configure the profiles.yml file,
please consult the dbt documentation here:

  https://docs.getdbt.com/docs/configure-your-profile

One more thing:

Need help? Don't hesitate to reach out to us via GitHub issues or on Slack:

  https://community.getdbt.com/

Happy modeling!

[0m12:42:04.495176 [info ] [MainThread]: Setting up your profile.
[0m12:42:10.617499 [debug] [MainThread]: Resource report: {"command_name": "init", "command_success": true, "command_wall_clock_time": 6.217661, "process_in_blocks": "0", "process_kernel_time": 0.233863, "process_mem_max_rss": "108544000", "process_out_blocks": "0", "process_user_time": 1.236591}
[0m12:42:10.618041 [debug] [MainThread]: Command `dbt init` succeeded at 12:42:10.617948 after 6.22 seconds
[0m12:42:10.618344 [debug] [MainThread]: Sending event: {'category': 'dbt', 'action': 'invocation', 'label': 'end', 'context': [<snowplow_tracker.self_describing_json.SelfDescribingJson object at 0x1095443e0>, <snowplow_tracker.self_describing_json.SelfDescribingJson object at 0x10961ae70>, <snowplow_tracker.self_describing_json.SelfDescribingJson object at 0x109678160>]}
[0m12:42:10.618666 [debug] [MainThread]: Flushing usage events
[0m12:42:11.027401 [debug] [MainThread]: An error was encountered while trying to flush usage events
