[0m13:15:50.378637 [debug] [MainThread]: Sending event: {'category': 'dbt', 'action': 'invocation', 'label': 'start', 'context': [<snowplow_tracker.self_describing_json.SelfDescribingJson object at 0x10ff02570>, <snowplow_tracker.self_describing_json.SelfDescribingJson object at 0x112469280>, <snowplow_tracker.self_describing_json.SelfDescribingJson object at 0x11246b8c0>]}


============================== 13:15:50.451792 | 8d74c83e-4d9a-44c5-b4f6-5f35c7572605 ==============================
[0m13:15:50.451792 [info ] [MainThread]: Running with dbt=1.10.15
[0m13:15:50.453346 [debug] [MainThread]: running dbt with arguments {'send_anonymous_usage_stats': 'True', 'static_parser': 'True', 'quiet': 'False', 'use_experimental_parser': 'False', 'empty': 'None', 'profiles_dir': '/Users/elena/.dbt', 'introspect': 'True', 'target_path': 'None', 'invocation_command': 'dbt init proyecto_elena', 'log_cache_events': 'False', 'warn_error': 'None', 'log_format': 'default', 'partial_parse': 'True', 'printer_width': '80', 'fail_fast': 'False', 'write_json': 'True', 'cache_selected_only': 'False', 'use_colors': 'True', 'debug': 'False', 'warn_error_options': 'WarnErrorOptionsV2(error=[], warn=[], silence=[])', 'log_path': 'logs', 'indirect_selection': 'eager', 'version_check': 'True', 'no_print': 'None'}
[0m13:15:50.723577 [debug] [MainThread]: Starter project path: /Users/elena/Documents/Git/ALUMNOS/MDAB/ELENA_MARIN/DBT/.venv/lib/python3.12/site-packages/dbt/include/starter_project
[0m13:15:50.748394 [info ] [MainThread]: 
Your new dbt project "proyecto_elena" was created!

For more information on how to configure the profiles.yml file,
please consult the dbt documentation here:

  https://docs.getdbt.com/docs/configure-your-profile

One more thing:

Need help? Don't hesitate to reach out to us via GitHub issues or on Slack:

  https://community.getdbt.com/

Happy modeling!

[0m13:15:50.749084 [info ] [MainThread]: Setting up your profile.
[0m13:16:03.457683 [debug] [MainThread]: Resource report: {"command_name": "init", "command_success": true, "command_wall_clock_time": 13.2526655, "process_in_blocks": "0", "process_kernel_time": 1.377311, "process_mem_max_rss": "127447040", "process_out_blocks": "0", "process_user_time": 5.03065}
[0m13:16:03.458683 [debug] [MainThread]: Command `dbt init` succeeded at 13:16:03.458480 after 13.25 seconds
[0m13:16:03.459381 [debug] [MainThread]: Sending event: {'category': 'dbt', 'action': 'invocation', 'label': 'end', 'context': [<snowplow_tracker.self_describing_json.SelfDescribingJson object at 0x112bd3080>, <snowplow_tracker.self_describing_json.SelfDescribingJson object at 0x11345cf80>, <snowplow_tracker.self_describing_json.SelfDescribingJson object at 0x11345fcb0>]}
[0m13:16:03.460303 [debug] [MainThread]: Flushing usage events
[0m13:16:03.876921 [debug] [MainThread]: An error was encountered while trying to flush usage events
