[0m10:48:30.603517 [debug] [MainThread]: Sending event: {'category': 'dbt', 'action': 'invocation', 'label': 'start', 'context': [<snowplow_tracker.self_describing_json.SelfDescribingJson object at 0x7f580e3dda60>, <snowplow_tracker.self_describing_json.SelfDescribingJson object at 0x7f580e08a480>, <snowplow_tracker.self_describing_json.SelfDescribingJson object at 0x7f580de17080>]}


============================== 10:48:30.611581 | ad006bad-b454-4c96-92fa-375997aec121 ==============================
[0m10:48:30.611581 [info ] [MainThread]: Running with dbt=1.10.11
[0m10:48:30.612343 [debug] [MainThread]: running dbt with arguments {'send_anonymous_usage_stats': 'True', 'warn_error_options': 'WarnErrorOptionsV2(error=[], warn=[], silence=[])', 'log_format': 'default', 'debug': 'False', 'version_check': 'True', 'fail_fast': 'False', 'indirect_selection': 'eager', 'quiet': 'False', 'log_path': 'logs', 'partial_parse': 'True', 'printer_width': '80', 'invocation_command': 'dbt seed', 'write_json': 'True', 'no_print': 'None', 'empty': 'None', 'use_experimental_parser': 'False', 'profiles_dir': '/home/chicote/.dbt', 'use_colors': 'True', 'log_cache_events': 'False', 'target_path': 'None', 'cache_selected_only': 'False', 'introspect': 'True', 'warn_error': 'None', 'static_parser': 'True'}
[0m10:48:30.612919 [error] [MainThread]: Encountered an error:
Runtime Error
  No dbt_project.yml found at expected path /home/chicote/projects/formacion/project_dbt/dbt_project.yml
  Verify that each entry within packages.yml (and their transitive dependencies) contains a file named dbt_project.yml
  
[0m10:48:30.614694 [debug] [MainThread]: Resource report: {"command_name": "seed", "command_success": false, "command_wall_clock_time": 0.101148985, "process_in_blocks": "63848", "process_kernel_time": 0.458199, "process_mem_max_rss": "98160", "process_out_blocks": "8", "process_user_time": 2.672829}
[0m10:48:30.615310 [debug] [MainThread]: Command `dbt seed` failed at 10:48:30.615181 after 0.10 seconds
[0m10:48:30.615732 [debug] [MainThread]: Sending event: {'category': 'dbt', 'action': 'invocation', 'label': 'end', 'context': [<snowplow_tracker.self_describing_json.SelfDescribingJson object at 0x7f580e30da00>, <snowplow_tracker.self_describing_json.SelfDescribingJson object at 0x7f580d317860>, <snowplow_tracker.self_describing_json.SelfDescribingJson object at 0x7f580e335850>]}
[0m10:48:30.616227 [debug] [MainThread]: Flushing usage events
[0m10:48:31.464037 [debug] [MainThread]: An error was encountered while trying to flush usage events
[0m10:48:45.595230 [debug] [MainThread]: Sending event: {'category': 'dbt', 'action': 'invocation', 'label': 'start', 'context': [<snowplow_tracker.self_describing_json.SelfDescribingJson object at 0x7fad928e9040>, <snowplow_tracker.self_describing_json.SelfDescribingJson object at 0x7fad92388c80>, <snowplow_tracker.self_describing_json.SelfDescribingJson object at 0x7fad923be570>]}


============================== 10:48:45.600098 | 45794a0a-cef4-4d97-9ef3-25eef11ae71f ==============================
[0m10:48:45.600098 [info ] [MainThread]: Running with dbt=1.10.11
[0m10:48:45.600886 [debug] [MainThread]: running dbt with arguments {'use_colors': 'True', 'empty': 'None', 'quiet': 'False', 'log_format': 'default', 'indirect_selection': 'eager', 'use_experimental_parser': 'False', 'version_check': 'True', 'static_parser': 'True', 'introspect': 'True', 'cache_selected_only': 'False', 'send_anonymous_usage_stats': 'True', 'no_print': 'None', 'partial_parse': 'True', 'log_path': 'logs', 'profiles_dir': '/home/chicote/.dbt', 'fail_fast': 'False', 'printer_width': '80', 'invocation_command': 'dbt seed', 'warn_error': 'None', 'log_cache_events': 'False', 'target_path': 'None', 'debug': 'False', 'warn_error_options': 'WarnErrorOptionsV2(error=[], warn=[], silence=[])', 'write_json': 'True'}
[0m10:48:45.601491 [error] [MainThread]: Encountered an error:
Runtime Error
  No dbt_project.yml found at expected path /home/chicote/projects/formacion/project_dbt/dbt_project.yml
  Verify that each entry within packages.yml (and their transitive dependencies) contains a file named dbt_project.yml
  
[0m10:48:45.602518 [debug] [MainThread]: Resource report: {"command_name": "seed", "command_success": false, "command_wall_clock_time": 0.09565942, "process_in_blocks": "0", "process_kernel_time": 0.163332, "process_mem_max_rss": "98116", "process_out_blocks": "8", "process_user_time": 2.754871}
[0m10:48:45.603069 [debug] [MainThread]: Command `dbt seed` failed at 10:48:45.602954 after 0.10 seconds
[0m10:48:45.603482 [debug] [MainThread]: Sending event: {'category': 'dbt', 'action': 'invocation', 'label': 'end', 'context': [<snowplow_tracker.self_describing_json.SelfDescribingJson object at 0x7fad9376df70>, <snowplow_tracker.self_describing_json.SelfDescribingJson object at 0x7fad921273b0>, <snowplow_tracker.self_describing_json.SelfDescribingJson object at 0x7fad921248f0>]}
[0m10:48:45.603939 [debug] [MainThread]: Flushing usage events
[0m10:48:46.307701 [debug] [MainThread]: An error was encountered while trying to flush usage events
[0m14:15:24.863521 [debug] [MainThread]: Sending event: {'category': 'dbt', 'action': 'invocation', 'label': 'start', 'context': [<snowplow_tracker.self_describing_json.SelfDescribingJson object at 0x7f6f3aee1f10>, <snowplow_tracker.self_describing_json.SelfDescribingJson object at 0x7f6f3ca66660>, <snowplow_tracker.self_describing_json.SelfDescribingJson object at 0x7f6f3b047d10>]}


============================== 14:15:24.867517 | bd9167e3-e333-4751-aaa5-1f3166b01807 ==============================
[0m14:15:24.867517 [info ] [MainThread]: Running with dbt=1.10.11
[0m14:15:24.868198 [debug] [MainThread]: running dbt with arguments {'warn_error_options': 'WarnErrorOptionsV2(error=[], warn=[], silence=[])', 'partial_parse': 'True', 'fail_fast': 'False', 'write_json': 'True', 'indirect_selection': 'eager', 'log_format': 'default', 'warn_error': 'None', 'empty': 'None', 'cache_selected_only': 'False', 'introspect': 'True', 'use_colors': 'True', 'send_anonymous_usage_stats': 'True', 'static_parser': 'True', 'target_path': 'None', 'use_experimental_parser': 'False', 'quiet': 'False', 'log_cache_events': 'False', 'debug': 'False', 'profiles_dir': '/home/chicote/.dbt', 'printer_width': '80', 'invocation_command': 'dbt seed', 'no_print': 'None', 'log_path': 'logs', 'version_check': 'True'}
[0m14:15:24.868743 [error] [MainThread]: Encountered an error:
Runtime Error
  No dbt_project.yml found at expected path /home/chicote/projects/formacion/project_dbt/dbt_project.yml
  Verify that each entry within packages.yml (and their transitive dependencies) contains a file named dbt_project.yml
  
[0m14:15:24.870730 [debug] [MainThread]: Resource report: {"command_name": "seed", "command_success": false, "command_wall_clock_time": 0.08920616, "process_in_blocks": "288", "process_kernel_time": 0.14178, "process_mem_max_rss": "98228", "process_out_blocks": "8", "process_user_time": 1.701361}
[0m14:15:24.871870 [debug] [MainThread]: Command `dbt seed` failed at 14:15:24.871642 after 0.09 seconds
[0m14:15:24.872630 [debug] [MainThread]: Sending event: {'category': 'dbt', 'action': 'invocation', 'label': 'end', 'context': [<snowplow_tracker.self_describing_json.SelfDescribingJson object at 0x7f6f39fe8050>, <snowplow_tracker.self_describing_json.SelfDescribingJson object at 0x7f6f3ca66660>, <snowplow_tracker.self_describing_json.SelfDescribingJson object at 0x7f6f3a43ea80>]}
[0m14:15:24.873138 [debug] [MainThread]: Flushing usage events
[0m14:15:25.337598 [debug] [MainThread]: An error was encountered while trying to flush usage events
[0m18:25:23.573841 [debug] [MainThread]: Sending event: {'category': 'dbt', 'action': 'invocation', 'label': 'start', 'context': [<snowplow_tracker.self_describing_json.SelfDescribingJson object at 0x7fede3b9a3c0>, <snowplow_tracker.self_describing_json.SelfDescribingJson object at 0x7fede3a5ce00>, <snowplow_tracker.self_describing_json.SelfDescribingJson object at 0x7fede2f83ef0>]}


============================== 18:25:23.577931 | 448ebb55-1d8b-4352-a365-e007af8d9d41 ==============================
[0m18:25:23.577931 [info ] [MainThread]: Running with dbt=1.10.11
[0m18:25:23.578489 [debug] [MainThread]: running dbt with arguments {'log_format': 'default', 'send_anonymous_usage_stats': 'True', 'static_parser': 'True', 'use_experimental_parser': 'False', 'warn_error': 'None', 'debug': 'False', 'partial_parse': 'True', 'indirect_selection': 'eager', 'profiles_dir': '/home/chicote/.dbt', 'empty': 'False', 'log_cache_events': 'False', 'version_check': 'True', 'use_colors': 'True', 'introspect': 'True', 'log_path': 'logs', 'printer_width': '80', 'write_json': 'True', 'warn_error_options': 'WarnErrorOptionsV2(error=[], warn=[], silence=[])', 'target_path': 'None', 'fail_fast': 'False', 'invocation_command': 'dbt run --select +marts_products.sql', 'no_print': 'None', 'quiet': 'False', 'cache_selected_only': 'False'}
[0m18:25:23.578938 [error] [MainThread]: Encountered an error:
Runtime Error
  No dbt_project.yml found at expected path /home/chicote/projects/formacion/project_dbt/dbt_project.yml
  Verify that each entry within packages.yml (and their transitive dependencies) contains a file named dbt_project.yml
  
[0m18:25:23.580085 [debug] [MainThread]: Resource report: {"command_name": "run", "command_success": false, "command_wall_clock_time": 0.055558056, "process_in_blocks": "53136", "process_kernel_time": 0.205382, "process_mem_max_rss": "97980", "process_out_blocks": "16", "process_user_time": 1.43768}
[0m18:25:23.580513 [debug] [MainThread]: Command `dbt run` failed at 18:25:23.580423 after 0.06 seconds
[0m18:25:23.580841 [debug] [MainThread]: Sending event: {'category': 'dbt', 'action': 'invocation', 'label': 'end', 'context': [<snowplow_tracker.self_describing_json.SelfDescribingJson object at 0x7fede3050c20>, <snowplow_tracker.self_describing_json.SelfDescribingJson object at 0x7fede38ca510>, <snowplow_tracker.self_describing_json.SelfDescribingJson object at 0x7fede38caa80>]}
[0m18:25:23.581171 [debug] [MainThread]: Flushing usage events
[0m18:25:24.128601 [debug] [MainThread]: An error was encountered while trying to flush usage events
[0m11:08:33.711640 [debug] [MainThread]: Sending event: {'category': 'dbt', 'action': 'invocation', 'label': 'start', 'context': [<snowplow_tracker.self_describing_json.SelfDescribingJson object at 0x0000020D2F336B40>, <snowplow_tracker.self_describing_json.SelfDescribingJson object at 0x0000020D2F1D03E0>, <snowplow_tracker.self_describing_json.SelfDescribingJson object at 0x0000020D2EE50AA0>]}


============================== 11:08:33.908843 | b7f7b434-1cc5-4620-bdbd-b64429894115 ==============================
[0m11:08:33.908843 [info ] [MainThread]: Running with dbt=1.10.11
[0m11:08:33.911617 [debug] [MainThread]: running dbt with arguments {'partial_parse': 'True', 'profiles_dir': 'C:\\Users\\carlo\\.dbt', 'send_anonymous_usage_stats': 'True', 'version_check': 'True', 'cache_selected_only': 'False', 'target_path': 'None', 'use_colors': 'True', 'invocation_command': 'dbt init entrega_dbt_carlos', 'log_format': 'default', 'warn_error': 'None', 'introspect': 'True', 'debug': 'False', 'printer_width': '80', 'fail_fast': 'False', 'no_print': 'None', 'use_experimental_parser': 'False', 'quiet': 'False', 'empty': 'None', 'log_cache_events': 'False', 'indirect_selection': 'eager', 'log_path': 'logs', 'write_json': 'True', 'warn_error_options': 'WarnErrorOptionsV2(error=[], warn=[], silence=[])', 'static_parser': 'True'}
[0m11:08:33.983326 [info ] [MainThread]: Creating dbt configuration folder at C:\Users\carlo\.dbt
[0m11:08:33.989474 [debug] [MainThread]: Starter project path: C:\Users\carlo\OneDrive\Documents\GitHub\edem__dbt\.venv\Lib\site-packages\dbt\include\starter_project
[0m11:08:34.030958 [info ] [MainThread]: 
Your new dbt project "entrega_dbt_carlos" was created!

For more information on how to configure the profiles.yml file,
please consult the dbt documentation here:

  https://docs.getdbt.com/docs/configure-your-profile

One more thing:

Need help? Don't hesitate to reach out to us via GitHub issues or on Slack:

  https://community.getdbt.com/

Happy modeling!

[0m11:08:34.031968 [info ] [MainThread]: Setting up your profile.
[0m11:09:13.425218 [info ] [MainThread]: Profile entrega_dbt_carlos written to C:\Users\carlo\.dbt\profiles.yml using target's sample configuration. Once updated, you'll be able to start developing with dbt.
[0m11:09:13.426213 [debug] [MainThread]: Command `dbt init` succeeded at 11:09:13.426213 after 39.95 seconds
[0m11:09:13.427212 [debug] [MainThread]: Sending event: {'category': 'dbt', 'action': 'invocation', 'label': 'end', 'context': [<snowplow_tracker.self_describing_json.SelfDescribingJson object at 0x0000020D2C60C980>, <snowplow_tracker.self_describing_json.SelfDescribingJson object at 0x0000020D2F06EAB0>, <snowplow_tracker.self_describing_json.SelfDescribingJson object at 0x0000020D3091B410>]}
[0m11:09:13.427212 [debug] [MainThread]: Flushing usage events
[0m11:09:14.038227 [debug] [MainThread]: An error was encountered while trying to flush usage events
[0m11:21:10.915837 [debug] [MainThread]: Sending event: {'category': 'dbt', 'action': 'invocation', 'label': 'start', 'context': [<snowplow_tracker.self_describing_json.SelfDescribingJson object at 0x000001706CD16CC0>, <snowplow_tracker.self_describing_json.SelfDescribingJson object at 0x000001706ABAC6B0>, <snowplow_tracker.self_describing_json.SelfDescribingJson object at 0x000001706D06D910>]}


============================== 11:21:11.140368 | a84449c8-bbc6-4ac4-a57f-0f32bec951dd ==============================
[0m11:21:11.140368 [info ] [MainThread]: Running with dbt=1.10.11
[0m11:21:11.142399 [debug] [MainThread]: running dbt with arguments {'partial_parse': 'True', 'write_json': 'True', 'send_anonymous_usage_stats': 'True', 'version_check': 'True', 'cache_selected_only': 'False', 'target_path': 'None', 'use_colors': 'True', 'invocation_command': 'dbt run', 'log_format': 'default', 'warn_error': 'None', 'introspect': 'True', 'debug': 'False', 'printer_width': '80', 'fail_fast': 'False', 'no_print': 'None', 'use_experimental_parser': 'False', 'empty': 'False', 'quiet': 'False', 'log_cache_events': 'False', 'indirect_selection': 'eager', 'log_path': 'logs', 'profiles_dir': 'C:\\Users\\carlo\\.dbt', 'static_parser': 'True', 'warn_error_options': 'WarnErrorOptionsV2(error=[], warn=[], silence=[])'}
[0m11:21:11.142934 [error] [MainThread]: Encountered an error:
Runtime Error
  No dbt_project.yml found at expected path C:\Users\carlo\OneDrive\Documents\GitHub\EDEM_MDA2526\alumnos\mdab\carlos_gil\dbt\dbt_project.yml
  Verify that each entry within packages.yml (and their transitive dependencies) contains a file named dbt_project.yml
  
[0m11:21:11.143935 [debug] [MainThread]: Command `dbt run` failed at 11:21:11.143935 after 0.38 seconds
[0m11:21:11.143935 [debug] [MainThread]: Sending event: {'category': 'dbt', 'action': 'invocation', 'label': 'end', 'context': [<snowplow_tracker.self_describing_json.SelfDescribingJson object at 0x000001706CD16CC0>, <snowplow_tracker.self_describing_json.SelfDescribingJson object at 0x000001706ABAC6B0>, <snowplow_tracker.self_describing_json.SelfDescribingJson object at 0x000001706D06D910>]}
[0m11:21:11.145035 [debug] [MainThread]: Flushing usage events
[0m11:21:11.758895 [debug] [MainThread]: An error was encountered while trying to flush usage events
