[0m10:09:01.757775 [debug] [MainThread]: Sending event: {'category': 'dbt', 'action': 'invocation', 'label': 'start', 'context': [<snowplow_tracker.self_describing_json.SelfDescribingJson object at 0x000002C7E676F560>, <snowplow_tracker.self_describing_json.SelfDescribingJson object at 0x000002C7E89D63C0>, <snowplow_tracker.self_describing_json.SelfDescribingJson object at 0x000002C7E8672DE0>]}


============================== 10:09:01.939020 | 31463c32-5ec6-4ab7-b06c-d0e7cb7f43e9 ==============================
[0m10:09:01.939020 [info ] [MainThread]: Running with dbt=1.10.15
[0m10:09:01.939020 [debug] [MainThread]: running dbt with arguments {'invocation_command': 'dbt init dbt_code', 'no_print': 'None', 'printer_width': '80', 'write_json': 'True', 'log_format': 'default', 'warn_error': 'None', 'log_path': 'logs', 'fail_fast': 'False', 'static_parser': 'True', 'send_anonymous_usage_stats': 'True', 'indirect_selection': 'eager', 'warn_error_options': 'WarnErrorOptionsV2(error=[], warn=[], silence=[])', 'partial_parse': 'True', 'version_check': 'True', 'use_experimental_parser': 'False', 'quiet': 'False', 'introspect': 'True', 'empty': 'None', 'log_cache_events': 'False', 'debug': 'False', 'profiles_dir': 'C:\\Users\\rmora\\.dbt', 'use_colors': 'True', 'cache_selected_only': 'False', 'target_path': 'None'}
[0m10:09:02.407392 [debug] [MainThread]: Starter project path: C:\Users\rmora\Documents\GitHub\EDEM_MDA2526\ALUMNOS\MDAB\RAFA_MORATA\DBT\.venv\Lib\site-packages\dbt\include\starter_project
[0m10:09:02.433166 [info ] [MainThread]: 
Your new dbt project "dbt_code" was created!

For more information on how to configure the profiles.yml file,
please consult the dbt documentation here:

  https://docs.getdbt.com/docs/configure-your-profile

One more thing:

Need help? Don't hesitate to reach out to us via GitHub issues or on Slack:

  https://community.getdbt.com/

Happy modeling!

[0m10:09:02.433166 [info ] [MainThread]: Setting up your profile.
[0m10:11:00.138787 [error] [MainThread]: Encountered an error:

[0m10:11:00.143371 [error] [MainThread]: Traceback (most recent call last):
  File "C:\Users\rmora\Documents\GitHub\EDEM_MDA2526\ALUMNOS\MDAB\RAFA_MORATA\DBT\.venv\Lib\site-packages\dbt\cli\requires.py", line 178, in wrapper
    result, success = func(*args, **kwargs)
                      ^^^^^^^^^^^^^^^^^^^^^
  File "C:\Users\rmora\Documents\GitHub\EDEM_MDA2526\ALUMNOS\MDAB\RAFA_MORATA\DBT\.venv\Lib\site-packages\dbt\cli\requires.py", line 128, in wrapper
    return func(*args, **kwargs)
           ^^^^^^^^^^^^^^^^^^^^^
  File "C:\Users\rmora\Documents\GitHub\EDEM_MDA2526\ALUMNOS\MDAB\RAFA_MORATA\DBT\.venv\Lib\site-packages\dbt\cli\main.py", line 483, in init
    results = task.run()
              ^^^^^^^^^^
  File "C:\Users\rmora\Documents\GitHub\EDEM_MDA2526\ALUMNOS\MDAB\RAFA_MORATA\DBT\.venv\Lib\site-packages\dbt\task\init.py", line 346, in run
    self.setup_profile(profile_name)
  File "C:\Users\rmora\Documents\GitHub\EDEM_MDA2526\ALUMNOS\MDAB\RAFA_MORATA\DBT\.venv\Lib\site-packages\dbt\task\init.py", line 261, in setup_profile
    adapter = self.ask_for_adapter_choice()
              ^^^^^^^^^^^^^^^^^^^^^^^^^^^^^
  File "C:\Users\rmora\Documents\GitHub\EDEM_MDA2526\ALUMNOS\MDAB\RAFA_MORATA\DBT\.venv\Lib\site-packages\dbt\task\init.py", line 242, in ask_for_adapter_choice
    numeric_choice = click.prompt(prompt_msg, type=click.INT)
                     ^^^^^^^^^^^^^^^^^^^^^^^^^^^^^^^^^^^^^^^^
  File "C:\Users\rmora\Documents\GitHub\EDEM_MDA2526\ALUMNOS\MDAB\RAFA_MORATA\DBT\.venv\Lib\site-packages\click\termui.py", line 171, in prompt
    value = prompt_func(prompt)
            ^^^^^^^^^^^^^^^^^^^
  File "C:\Users\rmora\Documents\GitHub\EDEM_MDA2526\ALUMNOS\MDAB\RAFA_MORATA\DBT\.venv\Lib\site-packages\click\termui.py", line 154, in prompt_func
    raise Abort() from None
click.exceptions.Abort

[0m10:11:00.145034 [debug] [MainThread]: Command `dbt init` failed at 10:11:00.143896 after 118.51 seconds
[0m10:11:00.145034 [debug] [MainThread]: Sending event: {'category': 'dbt', 'action': 'invocation', 'label': 'end', 'context': [<snowplow_tracker.self_describing_json.SelfDescribingJson object at 0x000002C7E8E1EDE0>, <snowplow_tracker.self_describing_json.SelfDescribingJson object at 0x000002C7E94BFBC0>, <snowplow_tracker.self_describing_json.SelfDescribingJson object at 0x000002C7E94BE3F0>]}
[0m10:11:00.145034 [debug] [MainThread]: Flushing usage events
[0m10:11:00.877437 [debug] [MainThread]: An error was encountered while trying to flush usage events
[0m10:11:05.410672 [debug] [MainThread]: Sending event: {'category': 'dbt', 'action': 'invocation', 'label': 'start', 'context': [<snowplow_tracker.self_describing_json.SelfDescribingJson object at 0x000001E72FE86630>, <snowplow_tracker.self_describing_json.SelfDescribingJson object at 0x000001E72F4B5A00>, <snowplow_tracker.self_describing_json.SelfDescribingJson object at 0x000001E72F4B58B0>]}


============================== 10:11:05.415459 | c84c2e6e-9726-45f9-9c7a-ee64d70d4d4e ==============================
[0m10:11:05.415459 [info ] [MainThread]: Running with dbt=1.10.15
[0m10:11:05.417081 [debug] [MainThread]: running dbt with arguments {'log_format': 'default', 'invocation_command': 'dbt init dbt_code', 'write_json': 'True', 'no_print': 'None', 'cache_selected_only': 'False', 'warn_error': 'None', 'indirect_selection': 'eager', 'partial_parse': 'True', 'log_path': 'logs', 'send_anonymous_usage_stats': 'True', 'static_parser': 'True', 'warn_error_options': 'WarnErrorOptionsV2(error=[], warn=[], silence=[])', 'fail_fast': 'False', 'version_check': 'True', 'use_experimental_parser': 'False', 'quiet': 'False', 'introspect': 'True', 'empty': 'None', 'log_cache_events': 'False', 'debug': 'False', 'profiles_dir': 'C:\\Users\\rmora\\.dbt', 'use_colors': 'True', 'printer_width': '80', 'target_path': 'None'}
[0m10:11:05.439743 [info ] [MainThread]: A project called dbt_code already exists here.
[0m10:11:05.439743 [debug] [MainThread]: Command `dbt init` succeeded at 10:11:05.439743 after 0.17 seconds
[0m10:11:05.442288 [debug] [MainThread]: Sending event: {'category': 'dbt', 'action': 'invocation', 'label': 'end', 'context': [<snowplow_tracker.self_describing_json.SelfDescribingJson object at 0x000001E72F579280>, <snowplow_tracker.self_describing_json.SelfDescribingJson object at 0x000001E730257D10>, <snowplow_tracker.self_describing_json.SelfDescribingJson object at 0x000001E72FF06690>]}
[0m10:11:05.442288 [debug] [MainThread]: Flushing usage events
[0m10:11:05.861119 [debug] [MainThread]: An error was encountered while trying to flush usage events
