[0m02:12:05.773817 [debug] [MainThread]: Sending event: {'category': 'dbt', 'action': 'invocation', 'label': 'start', 'context': [<snowplow_tracker.self_describing_json.SelfDescribingJson object at 0x0000019C73179010>, <snowplow_tracker.self_describing_json.SelfDescribingJson object at 0x0000019C750F3ED0>, <snowplow_tracker.self_describing_json.SelfDescribingJson object at 0x0000019C750F3B10>]}


============================== 02:12:05.783657 | c1ae473a-7876-4bef-88ca-e6081e09831a ==============================
[0m02:12:05.783657 [info ] [MainThread]: Running with dbt=1.11.2
[0m02:12:05.784185 [debug] [MainThread]: running dbt with arguments {'static_parser': 'True', 'no_print': 'None', 'version_check': 'True', 'target_path': 'None', 'warn_error_options': 'WarnErrorOptionsV2(error=[], warn=[], silence=[])', 'printer_width': '80', 'write_json': 'True', 'introspect': 'True', 'log_cache_events': 'False', 'empty': 'None', 'cache_selected_only': 'False', 'fail_fast': 'False', 'debug': 'False', 'log_format': 'default', 'partial_parse': 'True', 'send_anonymous_usage_stats': 'True', 'quiet': 'False', 'warn_error': 'None', 'profiles_dir': 'C:\\Users\\Usuario\\.dbt', 'use_colors': 'True', 'indirect_selection': 'eager', 'invocation_command': 'dbt init edem_project', 'use_experimental_parser': 'False', 'log_path': 'logs'}
[0m02:12:06.048399 [debug] [MainThread]: Starter project path: C:\Users\Usuario\Desktop\edem mdata\REPOSITORIOS GIT\gcp-storage\gcp_datalake\exercise_end2end\.venv\Lib\site-packages\dbt\include\starter_project
[0m02:12:06.084769 [info ] [MainThread]: 
Your new dbt project "edem_project" was created!

For more information on how to configure the profiles.yml file,
please consult the dbt documentation here:

  https://docs.getdbt.com/docs/configure-your-profile

One more thing:

Need help? Don't hesitate to reach out to us via GitHub issues or on Slack:

  https://community.getdbt.com/

Happy modeling!

[0m02:12:06.085579 [info ] [MainThread]: Setting up your profile.
[0m02:12:06.086133 [error] [MainThread]: Encountered an error:
[Errno 13] Permission denied: 'C:\\Users\\Usuario\\.dbt\\profiles.yml'
[0m02:12:06.087821 [error] [MainThread]: Traceback (most recent call last):
  File "C:\Users\Usuario\Desktop\edem mdata\REPOSITORIOS GIT\gcp-storage\gcp_datalake\exercise_end2end\.venv\Lib\site-packages\dbt\cli\requires.py", line 182, in wrapper
    result, success = func(*args, **kwargs)
                      ~~~~^^^^^^^^^^^^^^^^^
  File "C:\Users\Usuario\Desktop\edem mdata\REPOSITORIOS GIT\gcp-storage\gcp_datalake\exercise_end2end\.venv\Lib\site-packages\dbt\cli\requires.py", line 128, in wrapper
    return func(*args, **kwargs)
  File "C:\Users\Usuario\Desktop\edem mdata\REPOSITORIOS GIT\gcp-storage\gcp_datalake\exercise_end2end\.venv\Lib\site-packages\dbt\cli\main.py", line 483, in init
    results = task.run()
  File "C:\Users\Usuario\Desktop\edem mdata\REPOSITORIOS GIT\gcp-storage\gcp_datalake\exercise_end2end\.venv\Lib\site-packages\dbt\task\init.py", line 346, in run
    self.setup_profile(profile_name)
    ~~~~~~~~~~~~~~~~~~^^^^^^^^^^^^^^
  File "C:\Users\Usuario\Desktop\edem mdata\REPOSITORIOS GIT\gcp-storage\gcp_datalake\exercise_end2end\.venv\Lib\site-packages\dbt\task\init.py", line 248, in setup_profile
    if not self.check_if_can_write_profile(profile_name=profile_name):
           ~~~~~~~~~~~~~~~~~~~~~~~~~~~~~~~^^^^^^^^^^^^^^^^^^^^^^^^^^^
  File "C:\Users\Usuario\Desktop\edem mdata\REPOSITORIOS GIT\gcp-storage\gcp_datalake\exercise_end2end\.venv\Lib\site-packages\dbt\task\init.py", line 208, in check_if_can_write_profile
    with open(profiles_file, "r") as f:
         ~~~~^^^^^^^^^^^^^^^^^^^^
PermissionError: [Errno 13] Permission denied: 'C:\\Users\\Usuario\\.dbt\\profiles.yml'

[0m02:12:06.089388 [debug] [MainThread]: Command `dbt init` failed at 02:12:06.089298 after 0.42 seconds
[0m02:12:06.089625 [debug] [MainThread]: Sending event: {'category': 'dbt', 'action': 'invocation', 'label': 'end', 'context': [<snowplow_tracker.self_describing_json.SelfDescribingJson object at 0x0000019C750FBA80>, <snowplow_tracker.self_describing_json.SelfDescribingJson object at 0x0000019C7518E450>, <snowplow_tracker.self_describing_json.SelfDescribingJson object at 0x0000019C73F5BAC0>]}
[0m02:12:06.089908 [debug] [MainThread]: Flushing usage events
[0m02:12:06.550145 [debug] [MainThread]: An error was encountered while trying to flush usage events
[0m02:27:23.043936 [debug] [MainThread]: Sending event: {'category': 'dbt', 'action': 'invocation', 'label': 'start', 'context': [<snowplow_tracker.self_describing_json.SelfDescribingJson object at 0x0000018000279010>, <snowplow_tracker.self_describing_json.SelfDescribingJson object at 0x00000180021F3ED0>, <snowplow_tracker.self_describing_json.SelfDescribingJson object at 0x00000180021F3B10>]}


============================== 02:27:23.047189 | a8b781d1-950e-4650-917d-2c8a87ffd08c ==============================
[0m02:27:23.047189 [info ] [MainThread]: Running with dbt=1.11.2
[0m02:27:23.047813 [debug] [MainThread]: running dbt with arguments {'version_check': 'True', 'no_print': 'None', 'static_parser': 'True', 'target_path': 'None', 'warn_error_options': 'WarnErrorOptionsV2(error=[], warn=[], silence=[])', 'printer_width': '80', 'write_json': 'True', 'empty': 'None', 'log_cache_events': 'False', 'introspect': 'True', 'cache_selected_only': 'False', 'log_format': 'default', 'debug': 'False', 'fail_fast': 'False', 'profiles_dir': 'C:\\Users\\Usuario\\.dbt', 'send_anonymous_usage_stats': 'True', 'quiet': 'False', 'warn_error': 'None', 'partial_parse': 'True', 'indirect_selection': 'eager', 'use_colors': 'True', 'invocation_command': 'dbt init edem_project', 'use_experimental_parser': 'False', 'log_path': 'logs'}
[0m02:27:23.058016 [info ] [MainThread]: A project called edem_project already exists here.
[0m02:27:23.058897 [debug] [MainThread]: Command `dbt init` succeeded at 02:27:23.058794 after 0.11 seconds
[0m02:27:23.059163 [debug] [MainThread]: Sending event: {'category': 'dbt', 'action': 'invocation', 'label': 'end', 'context': [<snowplow_tracker.self_describing_json.SelfDescribingJson object at 0x00000180021FB5C0>, <snowplow_tracker.self_describing_json.SelfDescribingJson object at 0x000001800228E450>, <snowplow_tracker.self_describing_json.SelfDescribingJson object at 0x0000018002057240>]}
[0m02:27:23.059412 [debug] [MainThread]: Flushing usage events
[0m02:27:23.610553 [debug] [MainThread]: An error was encountered while trying to flush usage events
[0m02:28:02.456592 [debug] [MainThread]: Sending event: {'category': 'dbt', 'action': 'invocation', 'label': 'start', 'context': [<snowplow_tracker.self_describing_json.SelfDescribingJson object at 0x00000213DBDB9010>, <snowplow_tracker.self_describing_json.SelfDescribingJson object at 0x00000213DDDFBED0>, <snowplow_tracker.self_describing_json.SelfDescribingJson object at 0x00000213DDDFBB10>]}


============================== 02:28:02.460313 | 7bb560cc-2a58-46cd-ae97-b853868a2c8b ==============================
[0m02:28:02.460313 [info ] [MainThread]: Running with dbt=1.11.2
[0m02:28:02.460871 [debug] [MainThread]: running dbt with arguments {'static_parser': 'True', 'no_print': 'None', 'version_check': 'True', 'target_path': 'None', 'warn_error_options': 'WarnErrorOptionsV2(error=[], warn=[], silence=[])', 'printer_width': '80', 'write_json': 'True', 'introspect': 'True', 'log_cache_events': 'False', 'empty': 'False', 'cache_selected_only': 'False', 'fail_fast': 'False', 'debug': 'False', 'log_format': 'default', 'partial_parse': 'True', 'send_anonymous_usage_stats': 'True', 'quiet': 'False', 'warn_error': 'None', 'profiles_dir': 'C:\\Users\\Usuario\\.dbt', 'invocation_command': 'dbt run', 'use_colors': 'True', 'indirect_selection': 'eager', 'use_experimental_parser': 'False', 'log_path': 'logs'}
[0m02:28:02.461220 [error] [MainThread]: Encountered an error:
Runtime Error
  No dbt_project.yml found at expected path C:\Users\Usuario\Desktop\edem mdata\REPOSITORIOS GIT\gcp-storage\gcp_datalake\exercise_end2end\dbt_project_example\dbt_project.yml
  Verify that each entry within packages.yml (and their transitive dependencies) contains a file named dbt_project.yml
  
[0m02:28:02.461990 [debug] [MainThread]: Command `dbt run` failed at 02:28:02.461875 after 0.10 seconds
[0m02:28:02.462262 [debug] [MainThread]: Sending event: {'category': 'dbt', 'action': 'invocation', 'label': 'end', 'context': [<snowplow_tracker.self_describing_json.SelfDescribingJson object at 0x00000213DDE022C0>, <snowplow_tracker.self_describing_json.SelfDescribingJson object at 0x00000213DDE22330>, <snowplow_tracker.self_describing_json.SelfDescribingJson object at 0x00000213DDC5B570>]}
[0m02:28:02.462517 [debug] [MainThread]: Flushing usage events
[0m02:28:02.939346 [debug] [MainThread]: An error was encountered while trying to flush usage events
