[0m21:49:04.390282 [debug] [MainThread]: Sending event: {'category': 'dbt', 'action': 'invocation', 'label': 'start', 'context': [<snowplow_tracker.self_describing_json.SelfDescribingJson object at 0x75a4a3f19350>, <snowplow_tracker.self_describing_json.SelfDescribingJson object at 0x75a4a32671d0>, <snowplow_tracker.self_describing_json.SelfDescribingJson object at 0x75a4a2e4ff90>]}


============================== 21:49:04.396486 | a855056e-4434-4d2a-a16a-97cfa9223286 ==============================
[0m21:49:04.396486 [info ] [MainThread]: Running with dbt=1.10.15
[0m21:49:04.397405 [debug] [MainThread]: running dbt with arguments {'log_cache_events': 'False', 'version_check': 'True', 'target_path': 'None', 'use_colors': 'True', 'send_anonymous_usage_stats': 'True', 'invocation_command': 'dbt seed --profiles-dir .', 'write_json': 'True', 'warn_error_options': 'WarnErrorOptionsV2(error=[], warn=[], silence=[])', 'indirect_selection': 'eager', 'quiet': 'False', 'partial_parse': 'True', 'use_experimental_parser': 'False', 'no_print': 'None', 'debug': 'False', 'cache_selected_only': 'False', 'introspect': 'True', 'log_format': 'default', 'profiles_dir': '.', 'log_path': '/app/logs', 'empty': 'None', 'static_parser': 'True', 'printer_width': '80', 'fail_fast': 'False', 'warn_error': 'None'}
[0m21:49:04.669613 [debug] [MainThread]: Sending event: {'category': 'dbt', 'action': 'project_id', 'label': 'a855056e-4434-4d2a-a16a-97cfa9223286', 'context': [<snowplow_tracker.self_describing_json.SelfDescribingJson object at 0x75a4a2dfea10>]}
[0m21:49:04.714047 [debug] [MainThread]: Sending event: {'category': 'dbt', 'action': 'adapter_info', 'label': 'a855056e-4434-4d2a-a16a-97cfa9223286', 'context': [<snowplow_tracker.self_describing_json.SelfDescribingJson object at 0x75a4a5b52710>]}
[0m21:49:04.717284 [info ] [MainThread]: Registered adapter: duckdb=1.10.0
[0m21:49:04.773198 [debug] [MainThread]: checksum: 14a228079bd6df63ba81633f9a3cf44ecfaa31056ac397c602753ec895dbf885, vars: {}, profile: , target: , version: 1.10.15
[0m21:49:04.777249 [info ] [MainThread]: Unable to do partial parsing because saved manifest not found. Starting full parse.
[0m21:49:04.778253 [debug] [MainThread]: Sending event: {'category': 'dbt', 'action': 'partial_parser', 'label': 'a855056e-4434-4d2a-a16a-97cfa9223286', 'context': [<snowplow_tracker.self_describing_json.SelfDescribingJson object at 0x75a4a2e1e950>]}
[0m21:49:05.927385 [debug] [MainThread]: Sending event: {'category': 'dbt', 'action': 'load_project', 'label': 'a855056e-4434-4d2a-a16a-97cfa9223286', 'context': [<snowplow_tracker.self_describing_json.SelfDescribingJson object at 0x75a4a3e0ea10>]}
[0m21:49:06.015856 [debug] [MainThread]: Wrote artifact WritableManifest to /app/target/manifest.json
[0m21:49:06.021494 [debug] [MainThread]: Wrote artifact SemanticManifest to /app/target/semantic_manifest.json
[0m21:49:06.051425 [debug] [MainThread]: Sending event: {'category': 'dbt', 'action': 'resource_counts', 'label': 'a855056e-4434-4d2a-a16a-97cfa9223286', 'context': [<snowplow_tracker.self_describing_json.SelfDescribingJson object at 0x75a4462eec10>]}
[0m21:49:06.052539 [info ] [MainThread]: Found 4 models, 1 seed, 4 data tests, 468 macros
[0m21:49:06.053545 [debug] [MainThread]: Sending event: {'category': 'dbt', 'action': 'runnable_timing', 'label': 'a855056e-4434-4d2a-a16a-97cfa9223286', 'context': [<snowplow_tracker.self_describing_json.SelfDescribingJson object at 0x75a446341950>]}
[0m21:49:06.055246 [info ] [MainThread]: 
[0m21:49:06.056480 [info ] [MainThread]: Concurrency: 1 threads (target='dev')
[0m21:49:06.057690 [info ] [MainThread]: 
[0m21:49:06.058650 [debug] [MainThread]: Acquiring new duckdb connection 'master'
[0m21:49:06.060423 [debug] [ThreadPool]: Acquiring new duckdb connection 'list_dbt'
[0m21:49:06.099125 [debug] [ThreadPool]: Using duckdb connection "list_dbt"
[0m21:49:06.100829 [debug] [ThreadPool]: On list_dbt: /* {"app": "dbt", "dbt_version": "1.10.15", "profile_name": "car_sales_profile", "target_name": "dev", "connection_name": "list_dbt"} */

    
    select schema_name
    from system.information_schema.schemata
    
    where lower(catalog_name) = '"dbt"'
    
  
  
[0m21:49:06.101735 [debug] [ThreadPool]: Opening a new connection, currently in state init
[0m21:49:06.130116 [debug] [ThreadPool]: SQL status: OK in 0.028 seconds
[0m21:49:06.132466 [debug] [ThreadPool]: On list_dbt: Close
[0m21:49:06.134220 [debug] [ThreadPool]: Re-using an available connection from the pool (formerly list_dbt, now create_dbt_main)
[0m21:49:06.135589 [debug] [ThreadPool]: Creating schema "database: "dbt"
schema: "main"
"
[0m21:49:06.141814 [debug] [ThreadPool]: Using duckdb connection "create_dbt_main"
[0m21:49:06.143230 [debug] [ThreadPool]: On create_dbt_main: /* {"app": "dbt", "dbt_version": "1.10.15", "profile_name": "car_sales_profile", "target_name": "dev", "connection_name": "create_dbt_main"} */

    
        select type from duckdb_databases()
        where lower(database_name)='dbt'
        and type='sqlite'
    
  
[0m21:49:06.144021 [debug] [ThreadPool]: Opening a new connection, currently in state closed
[0m21:49:06.145227 [debug] [ThreadPool]: SQL status: OK in 0.001 seconds
[0m21:49:06.146586 [debug] [ThreadPool]: Using duckdb connection "create_dbt_main"
[0m21:49:06.147314 [debug] [ThreadPool]: On create_dbt_main: BEGIN
[0m21:49:06.148465 [debug] [ThreadPool]: SQL status: OK in 0.000 seconds
[0m21:49:06.149306 [debug] [ThreadPool]: Using duckdb connection "create_dbt_main"
[0m21:49:06.149943 [debug] [ThreadPool]: On create_dbt_main: /* {"app": "dbt", "dbt_version": "1.10.15", "profile_name": "car_sales_profile", "target_name": "dev", "connection_name": "create_dbt_main"} */

    
    
        create schema if not exists "dbt"."main"
    
[0m21:49:06.151002 [debug] [ThreadPool]: SQL status: OK in 0.000 seconds
[0m21:49:06.152226 [debug] [ThreadPool]: On create_dbt_main: COMMIT
[0m21:49:06.152973 [debug] [ThreadPool]: Using duckdb connection "create_dbt_main"
[0m21:49:06.153588 [debug] [ThreadPool]: On create_dbt_main: COMMIT
[0m21:49:06.154635 [debug] [ThreadPool]: SQL status: OK in 0.000 seconds
[0m21:49:06.155686 [debug] [ThreadPool]: On create_dbt_main: Close
[0m21:49:06.161629 [debug] [ThreadPool]: Re-using an available connection from the pool (formerly create_dbt_main, now list_dbt_main)
[0m21:49:06.166017 [debug] [ThreadPool]: Using duckdb connection "list_dbt_main"
[0m21:49:06.166783 [debug] [ThreadPool]: On list_dbt_main: BEGIN
[0m21:49:06.167451 [debug] [ThreadPool]: Opening a new connection, currently in state closed
[0m21:49:06.168500 [debug] [ThreadPool]: SQL status: OK in 0.001 seconds
[0m21:49:06.169147 [debug] [ThreadPool]: Using duckdb connection "list_dbt_main"
[0m21:49:06.169744 [debug] [ThreadPool]: On list_dbt_main: /* {"app": "dbt", "dbt_version": "1.10.15", "profile_name": "car_sales_profile", "target_name": "dev", "connection_name": "list_dbt_main"} */
select
      'dbt' as database,
      table_name as name,
      table_schema as schema,
      CASE table_type
        WHEN 'BASE TABLE' THEN 'table'
        WHEN 'VIEW' THEN 'view'
        WHEN 'LOCAL TEMPORARY' THEN 'table'
        END as type
    from system.information_schema.tables
    where lower(table_schema) = 'main'
    and lower(table_catalog) = 'dbt'
  
[0m21:49:06.179488 [debug] [ThreadPool]: SQL status: OK in 0.009 seconds
[0m21:49:06.181187 [debug] [ThreadPool]: On list_dbt_main: ROLLBACK
[0m21:49:06.182536 [debug] [ThreadPool]: Failed to rollback 'list_dbt_main'
[0m21:49:06.183176 [debug] [ThreadPool]: On list_dbt_main: Close
[0m21:49:06.184398 [debug] [MainThread]: Sending event: {'category': 'dbt', 'action': 'runnable_timing', 'label': 'a855056e-4434-4d2a-a16a-97cfa9223286', 'context': [<snowplow_tracker.self_describing_json.SelfDescribingJson object at 0x75a44659a9d0>]}
[0m21:49:06.185310 [debug] [MainThread]: Using duckdb connection "master"
[0m21:49:06.186131 [debug] [MainThread]: On master: BEGIN
[0m21:49:06.186979 [debug] [MainThread]: Opening a new connection, currently in state init
[0m21:49:06.188097 [debug] [MainThread]: SQL status: OK in 0.001 seconds
[0m21:49:06.189083 [debug] [MainThread]: On master: COMMIT
[0m21:49:06.189788 [debug] [MainThread]: Using duckdb connection "master"
[0m21:49:06.190623 [debug] [MainThread]: On master: COMMIT
[0m21:49:06.192299 [debug] [MainThread]: SQL status: OK in 0.001 seconds
[0m21:49:06.193071 [debug] [MainThread]: On master: Close
[0m21:49:06.198280 [debug] [Thread-1 (]: Began running node seed.car_sales_dbt.car_sales_all
[0m21:49:06.199404 [info ] [Thread-1 (]: 1 of 1 START seed file main.car_sales_all ...................................... [RUN]
[0m21:49:06.200582 [debug] [Thread-1 (]: Re-using an available connection from the pool (formerly list_dbt_main, now seed.car_sales_dbt.car_sales_all)
[0m21:49:06.201617 [debug] [Thread-1 (]: Began compiling node seed.car_sales_dbt.car_sales_all
[0m21:49:06.202433 [debug] [Thread-1 (]: Began executing node seed.car_sales_dbt.car_sales_all
[0m21:50:21.557177 [debug] [Thread-1 (]: Using duckdb connection "seed.car_sales_dbt.car_sales_all"
[0m21:50:21.558720 [debug] [Thread-1 (]: On seed.car_sales_dbt.car_sales_all: BEGIN
[0m21:50:21.559679 [debug] [Thread-1 (]: Opening a new connection, currently in state closed
[0m21:50:21.561376 [debug] [Thread-1 (]: SQL status: OK in 0.002 seconds
[0m21:50:21.562754 [debug] [Thread-1 (]: Using duckdb connection "seed.car_sales_dbt.car_sales_all"
[0m21:50:21.563942 [debug] [Thread-1 (]: On seed.car_sales_dbt.car_sales_all: /* {"app": "dbt", "dbt_version": "1.10.15", "profile_name": "car_sales_profile", "target_name": "dev", "node_id": "seed.car_sales_dbt.car_sales_all"} */

    create table "dbt"."main"."car_sales_all" ("Date" timestamp without time zone,"Salesperson" text,"Customer Name" text,"Car Make" text,"Car Model" text,"Car Year" integer,"Sale Price" integer,"Commission Rate" float8,"Commission Earned" float8)
  
[0m21:50:21.567166 [debug] [Thread-1 (]: SQL status: OK in 0.002 seconds
[0m21:50:21.635506 [debug] [Thread-1 (]: Using duckdb connection "seed.car_sales_dbt.car_sales_all"
[0m21:50:21.637181 [debug] [Thread-1 (]: On seed.car_sales_dbt.car_sales_all: 
          COPY "dbt"."main"."car_sales_all" FROM '/app/seeds/car_sales_all.csv' (FORMAT CSV, HEADER TRUE, DELIMITER ',')
        ...
[0m21:50:25.622410 [debug] [Thread-1 (]: SQL status: OK in 3.982 seconds
[0m21:50:25.626690 [debug] [Thread-1 (]: Writing runtime SQL for node "seed.car_sales_dbt.car_sales_all"
[0m21:50:25.644928 [debug] [Thread-1 (]: On seed.car_sales_dbt.car_sales_all: COMMIT
[0m21:50:25.645833 [debug] [Thread-1 (]: Using duckdb connection "seed.car_sales_dbt.car_sales_all"
[0m21:50:25.646460 [debug] [Thread-1 (]: On seed.car_sales_dbt.car_sales_all: COMMIT
[0m21:50:25.676482 [debug] [Thread-1 (]: SQL status: OK in 0.029 seconds
[0m21:50:25.678583 [debug] [Thread-1 (]: On seed.car_sales_dbt.car_sales_all: Close
[0m21:50:25.680865 [debug] [Thread-1 (]: Sending event: {'category': 'dbt', 'action': 'run_model', 'label': 'a855056e-4434-4d2a-a16a-97cfa9223286', 'context': [<snowplow_tracker.self_describing_json.SelfDescribingJson object at 0x75a4440a8650>]}
[0m21:50:25.681906 [info ] [Thread-1 (]: 1 of 1 OK loaded seed file main.car_sales_all .................................. [[32mINSERT 2021163[0m in 79.48s]
[0m21:50:25.682872 [debug] [Thread-1 (]: Finished running node seed.car_sales_dbt.car_sales_all
[0m21:50:25.684572 [debug] [MainThread]: Using duckdb connection "master"
[0m21:50:25.685306 [debug] [MainThread]: On master: BEGIN
[0m21:50:25.685746 [debug] [MainThread]: Opening a new connection, currently in state closed
[0m21:50:25.686780 [debug] [MainThread]: SQL status: OK in 0.001 seconds
[0m21:50:25.687251 [debug] [MainThread]: On master: COMMIT
[0m21:50:25.687942 [debug] [MainThread]: Using duckdb connection "master"
[0m21:50:25.688556 [debug] [MainThread]: On master: COMMIT
[0m21:50:25.689350 [debug] [MainThread]: SQL status: OK in 0.000 seconds
[0m21:50:25.689917 [debug] [MainThread]: On master: Close
[0m21:50:25.690580 [debug] [MainThread]: Connection 'master' was properly closed.
[0m21:50:25.691099 [debug] [MainThread]: Connection 'seed.car_sales_dbt.car_sales_all' was properly closed.
[0m21:50:25.691630 [info ] [MainThread]: 
[0m21:50:25.692469 [info ] [MainThread]: Finished running 1 seed in 0 hours 1 minutes and 19.63 seconds (79.63s).
[0m21:50:25.693942 [debug] [MainThread]: Command end result
[0m21:50:25.799602 [debug] [MainThread]: Wrote artifact WritableManifest to /app/target/manifest.json
[0m21:50:25.804495 [debug] [MainThread]: Wrote artifact SemanticManifest to /app/target/semantic_manifest.json
[0m21:50:25.816231 [debug] [MainThread]: Wrote artifact RunExecutionResult to /app/target/run_results.json
[0m21:50:25.817842 [info ] [MainThread]: 
[0m21:50:25.819227 [info ] [MainThread]: [32mCompleted successfully[0m
[0m21:50:25.820802 [info ] [MainThread]: 
[0m21:50:25.822020 [info ] [MainThread]: Done. PASS=1 WARN=0 ERROR=0 SKIP=0 NO-OP=0 TOTAL=1
[0m21:50:25.825691 [debug] [MainThread]: Resource report: {"command_name": "seed", "command_success": true, "command_wall_clock_time": 81.4872, "process_in_blocks": "168568", "process_kernel_time": 3.660964, "process_mem_max_rss": "3997824", "process_out_blocks": "2240", "process_user_time": 80.86967}
[0m21:50:25.826893 [debug] [MainThread]: Command `dbt seed` succeeded at 21:50:25.826793 after 81.49 seconds
[0m21:50:25.827689 [debug] [MainThread]: Sending event: {'category': 'dbt', 'action': 'invocation', 'label': 'end', 'context': [<snowplow_tracker.self_describing_json.SelfDescribingJson object at 0x75a4a779d490>, <snowplow_tracker.self_describing_json.SelfDescribingJson object at 0x75a4a779c650>, <snowplow_tracker.self_describing_json.SelfDescribingJson object at 0x75a4a3fc8410>]}
[0m21:50:25.828556 [debug] [MainThread]: Flushing usage events
[0m21:50:26.664254 [debug] [MainThread]: An error was encountered while trying to flush usage events
[0m21:50:28.759923 [debug] [MainThread]: Sending event: {'category': 'dbt', 'action': 'invocation', 'label': 'start', 'context': [<snowplow_tracker.self_describing_json.SelfDescribingJson object at 0x72dec2052590>, <snowplow_tracker.self_describing_json.SelfDescribingJson object at 0x72dec2053410>, <snowplow_tracker.self_describing_json.SelfDescribingJson object at 0x72dec20522d0>]}


============================== 21:50:28.764913 | 0d9fa9f0-158e-44ca-9808-05ddf827252f ==============================
[0m21:50:28.764913 [info ] [MainThread]: Running with dbt=1.10.15
[0m21:50:28.766456 [debug] [MainThread]: running dbt with arguments {'introspect': 'True', 'log_cache_events': 'False', 'partial_parse': 'True', 'log_path': '/app/logs', 'warn_error': 'None', 'warn_error_options': 'WarnErrorOptionsV2(error=[], warn=[], silence=[])', 'send_anonymous_usage_stats': 'True', 'log_format': 'default', 'invocation_command': 'dbt run --profiles-dir .', 'debug': 'False', 'target_path': 'None', 'profiles_dir': '.', 'empty': 'False', 'quiet': 'False', 'printer_width': '80', 'write_json': 'True', 'version_check': 'True', 'indirect_selection': 'eager', 'cache_selected_only': 'False', 'fail_fast': 'False', 'no_print': 'None', 'use_experimental_parser': 'False', 'static_parser': 'True', 'use_colors': 'True'}
[0m21:50:29.059427 [debug] [MainThread]: Sending event: {'category': 'dbt', 'action': 'project_id', 'label': '0d9fa9f0-158e-44ca-9808-05ddf827252f', 'context': [<snowplow_tracker.self_describing_json.SelfDescribingJson object at 0x72dec1eb3f10>]}
[0m21:50:29.135909 [debug] [MainThread]: Sending event: {'category': 'dbt', 'action': 'adapter_info', 'label': '0d9fa9f0-158e-44ca-9808-05ddf827252f', 'context': [<snowplow_tracker.self_describing_json.SelfDescribingJson object at 0x72dec4c30410>]}
[0m21:50:29.141153 [info ] [MainThread]: Registered adapter: duckdb=1.10.0
[0m21:50:29.247610 [debug] [MainThread]: checksum: 14a228079bd6df63ba81633f9a3cf44ecfaa31056ac397c602753ec895dbf885, vars: {}, profile: , target: , version: 1.10.15
[0m21:50:29.550563 [debug] [MainThread]: Partial parsing enabled: 0 files deleted, 0 files added, 0 files changed.
[0m21:50:29.552317 [debug] [MainThread]: Partial parsing enabled, no changes found, skipping parsing
[0m21:50:29.619793 [debug] [MainThread]: Sending event: {'category': 'dbt', 'action': 'load_project', 'label': '0d9fa9f0-158e-44ca-9808-05ddf827252f', 'context': [<snowplow_tracker.self_describing_json.SelfDescribingJson object at 0x72deb30350d0>]}
[0m21:50:29.717546 [debug] [MainThread]: Wrote artifact WritableManifest to /app/target/manifest.json
[0m21:50:29.723163 [debug] [MainThread]: Wrote artifact SemanticManifest to /app/target/semantic_manifest.json
[0m21:50:29.746758 [debug] [MainThread]: Sending event: {'category': 'dbt', 'action': 'resource_counts', 'label': '0d9fa9f0-158e-44ca-9808-05ddf827252f', 'context': [<snowplow_tracker.self_describing_json.SelfDescribingJson object at 0x72deb31cf150>]}
[0m21:50:29.748332 [info ] [MainThread]: Found 4 models, 1 seed, 4 data tests, 468 macros
[0m21:50:29.749502 [debug] [MainThread]: Sending event: {'category': 'dbt', 'action': 'runnable_timing', 'label': '0d9fa9f0-158e-44ca-9808-05ddf827252f', 'context': [<snowplow_tracker.self_describing_json.SelfDescribingJson object at 0x72deb3034fd0>]}
[0m21:50:29.753195 [info ] [MainThread]: 
[0m21:50:29.754433 [info ] [MainThread]: Concurrency: 1 threads (target='dev')
[0m21:50:29.755432 [info ] [MainThread]: 
[0m21:50:29.756467 [debug] [MainThread]: Acquiring new duckdb connection 'master'
[0m21:50:29.763497 [debug] [ThreadPool]: Acquiring new duckdb connection 'list_dbt'
[0m21:50:29.804811 [debug] [ThreadPool]: Using duckdb connection "list_dbt"
[0m21:50:29.806187 [debug] [ThreadPool]: On list_dbt: /* {"app": "dbt", "dbt_version": "1.10.15", "profile_name": "car_sales_profile", "target_name": "dev", "connection_name": "list_dbt"} */

    
    select schema_name
    from system.information_schema.schemata
    
    where lower(catalog_name) = '"dbt"'
    
  
  
[0m21:50:29.807408 [debug] [ThreadPool]: Opening a new connection, currently in state init
[0m21:50:29.832093 [debug] [ThreadPool]: SQL status: OK in 0.025 seconds
[0m21:50:29.834826 [debug] [ThreadPool]: On list_dbt: Close
[0m21:50:29.836608 [debug] [ThreadPool]: Re-using an available connection from the pool (formerly list_dbt, now create_dbt_main)
[0m21:50:29.837882 [debug] [ThreadPool]: Creating schema "database: "dbt"
schema: "main"
"
[0m21:50:29.845615 [debug] [ThreadPool]: Using duckdb connection "create_dbt_main"
[0m21:50:29.846715 [debug] [ThreadPool]: On create_dbt_main: /* {"app": "dbt", "dbt_version": "1.10.15", "profile_name": "car_sales_profile", "target_name": "dev", "connection_name": "create_dbt_main"} */

    
        select type from duckdb_databases()
        where lower(database_name)='dbt'
        and type='sqlite'
    
  
[0m21:50:29.847856 [debug] [ThreadPool]: Opening a new connection, currently in state closed
[0m21:50:29.850118 [debug] [ThreadPool]: SQL status: OK in 0.002 seconds
[0m21:50:29.852068 [debug] [ThreadPool]: Using duckdb connection "create_dbt_main"
[0m21:50:29.853041 [debug] [ThreadPool]: On create_dbt_main: BEGIN
[0m21:50:29.854270 [debug] [ThreadPool]: SQL status: OK in 0.000 seconds
[0m21:50:29.855126 [debug] [ThreadPool]: Using duckdb connection "create_dbt_main"
[0m21:50:29.856011 [debug] [ThreadPool]: On create_dbt_main: /* {"app": "dbt", "dbt_version": "1.10.15", "profile_name": "car_sales_profile", "target_name": "dev", "connection_name": "create_dbt_main"} */

    
    
        create schema if not exists "dbt"."main"
    
[0m21:50:29.857098 [debug] [ThreadPool]: SQL status: OK in 0.000 seconds
[0m21:50:29.858139 [debug] [ThreadPool]: On create_dbt_main: COMMIT
[0m21:50:29.858826 [debug] [ThreadPool]: Using duckdb connection "create_dbt_main"
[0m21:50:29.859465 [debug] [ThreadPool]: On create_dbt_main: COMMIT
[0m21:50:29.860614 [debug] [ThreadPool]: SQL status: OK in 0.000 seconds
[0m21:50:29.861329 [debug] [ThreadPool]: On create_dbt_main: Close
[0m21:50:29.863808 [debug] [ThreadPool]: Re-using an available connection from the pool (formerly create_dbt_main, now list_dbt_main)
[0m21:50:29.869899 [debug] [ThreadPool]: Using duckdb connection "list_dbt_main"
[0m21:50:29.871197 [debug] [ThreadPool]: On list_dbt_main: BEGIN
[0m21:50:29.872347 [debug] [ThreadPool]: Opening a new connection, currently in state closed
[0m21:50:29.874379 [debug] [ThreadPool]: SQL status: OK in 0.002 seconds
[0m21:50:29.875367 [debug] [ThreadPool]: Using duckdb connection "list_dbt_main"
[0m21:50:29.876416 [debug] [ThreadPool]: On list_dbt_main: /* {"app": "dbt", "dbt_version": "1.10.15", "profile_name": "car_sales_profile", "target_name": "dev", "connection_name": "list_dbt_main"} */
select
      'dbt' as database,
      table_name as name,
      table_schema as schema,
      CASE table_type
        WHEN 'BASE TABLE' THEN 'table'
        WHEN 'VIEW' THEN 'view'
        WHEN 'LOCAL TEMPORARY' THEN 'table'
        END as type
    from system.information_schema.tables
    where lower(table_schema) = 'main'
    and lower(table_catalog) = 'dbt'
  
[0m21:50:29.887864 [debug] [ThreadPool]: SQL status: OK in 0.010 seconds
[0m21:50:29.890096 [debug] [ThreadPool]: On list_dbt_main: ROLLBACK
[0m21:50:29.891682 [debug] [ThreadPool]: Failed to rollback 'list_dbt_main'
[0m21:50:29.892747 [debug] [ThreadPool]: On list_dbt_main: Close
[0m21:50:29.894322 [debug] [MainThread]: Sending event: {'category': 'dbt', 'action': 'runnable_timing', 'label': '0d9fa9f0-158e-44ca-9808-05ddf827252f', 'context': [<snowplow_tracker.self_describing_json.SelfDescribingJson object at 0x72deb30fef90>]}
[0m21:50:29.895362 [debug] [MainThread]: Using duckdb connection "master"
[0m21:50:29.896261 [debug] [MainThread]: On master: BEGIN
[0m21:50:29.897163 [debug] [MainThread]: Opening a new connection, currently in state init
[0m21:50:29.898597 [debug] [MainThread]: SQL status: OK in 0.001 seconds
[0m21:50:29.899299 [debug] [MainThread]: On master: COMMIT
[0m21:50:29.900144 [debug] [MainThread]: Using duckdb connection "master"
[0m21:50:29.900968 [debug] [MainThread]: On master: COMMIT
[0m21:50:29.902122 [debug] [MainThread]: SQL status: OK in 0.000 seconds
[0m21:50:29.902826 [debug] [MainThread]: On master: Close
[0m21:50:29.906953 [debug] [Thread-1 (]: Began running node model.car_sales_dbt.stg_car_sales
[0m21:50:29.908070 [info ] [Thread-1 (]: 1 of 4 START sql view model main.stg_car_sales ................................. [RUN]
[0m21:50:29.909115 [debug] [Thread-1 (]: Re-using an available connection from the pool (formerly list_dbt_main, now model.car_sales_dbt.stg_car_sales)
[0m21:50:29.910024 [debug] [Thread-1 (]: Began compiling node model.car_sales_dbt.stg_car_sales
[0m21:50:29.918852 [debug] [Thread-1 (]: Writing injected SQL for node "model.car_sales_dbt.stg_car_sales"
[0m21:50:29.936495 [debug] [Thread-1 (]: Began executing node model.car_sales_dbt.stg_car_sales
[0m21:50:30.019926 [debug] [Thread-1 (]: Writing runtime sql for node "model.car_sales_dbt.stg_car_sales"
[0m21:50:30.037630 [debug] [Thread-1 (]: Using duckdb connection "model.car_sales_dbt.stg_car_sales"
[0m21:50:30.038499 [debug] [Thread-1 (]: On model.car_sales_dbt.stg_car_sales: BEGIN
[0m21:50:30.039263 [debug] [Thread-1 (]: Opening a new connection, currently in state closed
[0m21:50:30.041222 [debug] [Thread-1 (]: SQL status: OK in 0.002 seconds
[0m21:50:30.042205 [debug] [Thread-1 (]: Using duckdb connection "model.car_sales_dbt.stg_car_sales"
[0m21:50:30.043070 [debug] [Thread-1 (]: On model.car_sales_dbt.stg_car_sales: /* {"app": "dbt", "dbt_version": "1.10.15", "profile_name": "car_sales_profile", "target_name": "dev", "node_id": "model.car_sales_dbt.stg_car_sales"} */

  
  create view "dbt"."main"."stg_car_sales__dbt_tmp" as (
    with raw as (
    select * from "dbt"."main"."car_sales_all"
),

clean as (
    select
        cast("Date" as date) as sale_date,
        "Salesperson" as salesperson,
        "Customer Name" as customer_name,
        "Car Make" as car_make,
        "Car Model" as car_model,
        "Car Year" as car_year,
        "Sale Price" as sale_price,
        "Commission Rate" as commission_rate,
        "Commission Earned" as commission_earned
    from raw
)

select * from clean
  );

[0m21:50:30.044286 [debug] [Thread-1 (]: SQL status: OK in 0.001 seconds
[0m21:50:30.049193 [debug] [Thread-1 (]: Using duckdb connection "model.car_sales_dbt.stg_car_sales"
[0m21:50:30.050123 [debug] [Thread-1 (]: On model.car_sales_dbt.stg_car_sales: /* {"app": "dbt", "dbt_version": "1.10.15", "profile_name": "car_sales_profile", "target_name": "dev", "node_id": "model.car_sales_dbt.stg_car_sales"} */
alter view "dbt"."main"."stg_car_sales__dbt_tmp" rename to "stg_car_sales"
[0m21:50:30.051553 [debug] [Thread-1 (]: SQL status: OK in 0.001 seconds
[0m21:50:30.059612 [debug] [Thread-1 (]: On model.car_sales_dbt.stg_car_sales: COMMIT
[0m21:50:30.060527 [debug] [Thread-1 (]: Using duckdb connection "model.car_sales_dbt.stg_car_sales"
[0m21:50:30.061459 [debug] [Thread-1 (]: On model.car_sales_dbt.stg_car_sales: COMMIT
[0m21:50:30.072169 [debug] [Thread-1 (]: SQL status: OK in 0.010 seconds
[0m21:50:30.076668 [debug] [Thread-1 (]: Using duckdb connection "model.car_sales_dbt.stg_car_sales"
[0m21:50:30.077597 [debug] [Thread-1 (]: On model.car_sales_dbt.stg_car_sales: /* {"app": "dbt", "dbt_version": "1.10.15", "profile_name": "car_sales_profile", "target_name": "dev", "node_id": "model.car_sales_dbt.stg_car_sales"} */

      drop view if exists "dbt"."main"."stg_car_sales__dbt_backup" cascade
    
[0m21:50:30.079667 [debug] [Thread-1 (]: SQL status: OK in 0.001 seconds
[0m21:50:30.082187 [debug] [Thread-1 (]: On model.car_sales_dbt.stg_car_sales: Close
[0m21:50:30.084305 [debug] [Thread-1 (]: Sending event: {'category': 'dbt', 'action': 'run_model', 'label': '0d9fa9f0-158e-44ca-9808-05ddf827252f', 'context': [<snowplow_tracker.self_describing_json.SelfDescribingJson object at 0x72deb3365910>]}
[0m21:50:30.085445 [info ] [Thread-1 (]: 1 of 4 OK created sql view model main.stg_car_sales ............................ [[32mOK[0m in 0.17s]
[0m21:50:30.086602 [debug] [Thread-1 (]: Finished running node model.car_sales_dbt.stg_car_sales
[0m21:50:30.087916 [debug] [Thread-1 (]: Began running node model.car_sales_dbt.dim_salespersons
[0m21:50:30.088764 [info ] [Thread-1 (]: 2 of 4 START sql table model main.dim_salespersons ............................. [RUN]
[0m21:50:30.089720 [debug] [Thread-1 (]: Re-using an available connection from the pool (formerly model.car_sales_dbt.stg_car_sales, now model.car_sales_dbt.dim_salespersons)
[0m21:50:30.090355 [debug] [Thread-1 (]: Began compiling node model.car_sales_dbt.dim_salespersons
[0m21:50:30.092593 [debug] [Thread-1 (]: Writing injected SQL for node "model.car_sales_dbt.dim_salespersons"
[0m21:50:30.107011 [debug] [Thread-1 (]: Began executing node model.car_sales_dbt.dim_salespersons
[0m21:50:30.121588 [debug] [Thread-1 (]: Writing runtime sql for node "model.car_sales_dbt.dim_salespersons"
[0m21:50:30.138167 [debug] [Thread-1 (]: Using duckdb connection "model.car_sales_dbt.dim_salespersons"
[0m21:50:30.139155 [debug] [Thread-1 (]: On model.car_sales_dbt.dim_salespersons: BEGIN
[0m21:50:30.139951 [debug] [Thread-1 (]: Opening a new connection, currently in state closed
[0m21:50:30.141645 [debug] [Thread-1 (]: SQL status: OK in 0.001 seconds
[0m21:50:30.143709 [debug] [Thread-1 (]: Using duckdb connection "model.car_sales_dbt.dim_salespersons"
[0m21:50:30.145558 [debug] [Thread-1 (]: On model.car_sales_dbt.dim_salespersons: /* {"app": "dbt", "dbt_version": "1.10.15", "profile_name": "car_sales_profile", "target_name": "dev", "node_id": "model.car_sales_dbt.dim_salespersons"} */

  
    
    

    create  table
      "dbt"."main"."dim_salespersons__dbt_tmp"
  
    as (
      with base as (
    select distinct salesperson 
    from "dbt"."main"."stg_car_sales"
)

select
    salesperson as salesperson_name,
    md5(salesperson) as salesperson_id
from base
    );
  
  
[0m21:50:30.873180 [debug] [Thread-1 (]: SQL status: OK in 0.726 seconds
[0m21:50:30.876522 [debug] [Thread-1 (]: Using duckdb connection "model.car_sales_dbt.dim_salespersons"
[0m21:50:30.877441 [debug] [Thread-1 (]: On model.car_sales_dbt.dim_salespersons: /* {"app": "dbt", "dbt_version": "1.10.15", "profile_name": "car_sales_profile", "target_name": "dev", "node_id": "model.car_sales_dbt.dim_salespersons"} */
alter table "dbt"."main"."dim_salespersons__dbt_tmp" rename to "dim_salespersons"
[0m21:50:30.878664 [debug] [Thread-1 (]: SQL status: OK in 0.001 seconds
[0m21:50:30.882921 [debug] [Thread-1 (]: On model.car_sales_dbt.dim_salespersons: COMMIT
[0m21:50:30.883725 [debug] [Thread-1 (]: Using duckdb connection "model.car_sales_dbt.dim_salespersons"
[0m21:50:30.884339 [debug] [Thread-1 (]: On model.car_sales_dbt.dim_salespersons: COMMIT
[0m21:50:31.000608 [debug] [Thread-1 (]: SQL status: OK in 0.115 seconds
[0m21:50:31.003581 [debug] [Thread-1 (]: Using duckdb connection "model.car_sales_dbt.dim_salespersons"
[0m21:50:31.004525 [debug] [Thread-1 (]: On model.car_sales_dbt.dim_salespersons: /* {"app": "dbt", "dbt_version": "1.10.15", "profile_name": "car_sales_profile", "target_name": "dev", "node_id": "model.car_sales_dbt.dim_salespersons"} */

      drop table if exists "dbt"."main"."dim_salespersons__dbt_backup" cascade
    
[0m21:50:31.006177 [debug] [Thread-1 (]: SQL status: OK in 0.001 seconds
[0m21:50:31.008011 [debug] [Thread-1 (]: On model.car_sales_dbt.dim_salespersons: Close
[0m21:50:31.009247 [debug] [Thread-1 (]: Sending event: {'category': 'dbt', 'action': 'run_model', 'label': '0d9fa9f0-158e-44ca-9808-05ddf827252f', 'context': [<snowplow_tracker.self_describing_json.SelfDescribingJson object at 0x72deb2fc1dd0>]}
[0m21:50:31.010437 [info ] [Thread-1 (]: 2 of 4 OK created sql table model main.dim_salespersons ........................ [[32mOK[0m in 0.92s]
[0m21:50:31.011632 [debug] [Thread-1 (]: Finished running node model.car_sales_dbt.dim_salespersons
[0m21:50:31.013149 [debug] [Thread-1 (]: Began running node model.car_sales_dbt.int_car_sales_metrics
[0m21:50:31.014960 [info ] [Thread-1 (]: 3 of 4 START sql table model main.int_car_sales_metrics ........................ [RUN]
[0m21:50:31.016830 [debug] [Thread-1 (]: Re-using an available connection from the pool (formerly model.car_sales_dbt.dim_salespersons, now model.car_sales_dbt.int_car_sales_metrics)
[0m21:50:31.018131 [debug] [Thread-1 (]: Began compiling node model.car_sales_dbt.int_car_sales_metrics
[0m21:50:31.023546 [debug] [Thread-1 (]: Writing injected SQL for node "model.car_sales_dbt.int_car_sales_metrics"
[0m21:50:31.039953 [debug] [Thread-1 (]: Began executing node model.car_sales_dbt.int_car_sales_metrics
[0m21:50:31.044422 [debug] [Thread-1 (]: Writing runtime sql for node "model.car_sales_dbt.int_car_sales_metrics"
[0m21:50:31.059332 [debug] [Thread-1 (]: Using duckdb connection "model.car_sales_dbt.int_car_sales_metrics"
[0m21:50:31.060481 [debug] [Thread-1 (]: On model.car_sales_dbt.int_car_sales_metrics: BEGIN
[0m21:50:31.061351 [debug] [Thread-1 (]: Opening a new connection, currently in state closed
[0m21:50:31.062720 [debug] [Thread-1 (]: SQL status: OK in 0.001 seconds
[0m21:50:31.064139 [debug] [Thread-1 (]: Using duckdb connection "model.car_sales_dbt.int_car_sales_metrics"
[0m21:50:31.065357 [debug] [Thread-1 (]: On model.car_sales_dbt.int_car_sales_metrics: /* {"app": "dbt", "dbt_version": "1.10.15", "profile_name": "car_sales_profile", "target_name": "dev", "node_id": "model.car_sales_dbt.int_car_sales_metrics"} */

  
    
    

    create  table
      "dbt"."main"."int_car_sales_metrics__dbt_tmp"
  
    as (
      with base as (select * from "dbt"."main"."stg_car_sales"),
metrics as (
    select
        salesperson,
        date_trunc('month', sale_date) as month,
        count(*) as total_cars_sold,
        sum(sale_price) as total_sales_amount,
        sum(commission_earned) as total_commissions
    from base
    group by 1,2
)
select * from metrics
    );
  
  
[0m21:50:32.261802 [debug] [Thread-1 (]: SQL status: OK in 1.195 seconds
[0m21:50:32.267049 [debug] [Thread-1 (]: Using duckdb connection "model.car_sales_dbt.int_car_sales_metrics"
[0m21:50:32.268173 [debug] [Thread-1 (]: On model.car_sales_dbt.int_car_sales_metrics: /* {"app": "dbt", "dbt_version": "1.10.15", "profile_name": "car_sales_profile", "target_name": "dev", "node_id": "model.car_sales_dbt.int_car_sales_metrics"} */
alter table "dbt"."main"."int_car_sales_metrics__dbt_tmp" rename to "int_car_sales_metrics"
[0m21:50:32.269824 [debug] [Thread-1 (]: SQL status: OK in 0.001 seconds
[0m21:50:32.271557 [debug] [Thread-1 (]: On model.car_sales_dbt.int_car_sales_metrics: COMMIT
[0m21:50:32.273005 [debug] [Thread-1 (]: Using duckdb connection "model.car_sales_dbt.int_car_sales_metrics"
[0m21:50:32.274634 [debug] [Thread-1 (]: On model.car_sales_dbt.int_car_sales_metrics: COMMIT
[0m21:50:32.378481 [debug] [Thread-1 (]: SQL status: OK in 0.103 seconds
[0m21:50:32.383221 [debug] [Thread-1 (]: Using duckdb connection "model.car_sales_dbt.int_car_sales_metrics"
[0m21:50:32.384389 [debug] [Thread-1 (]: On model.car_sales_dbt.int_car_sales_metrics: /* {"app": "dbt", "dbt_version": "1.10.15", "profile_name": "car_sales_profile", "target_name": "dev", "node_id": "model.car_sales_dbt.int_car_sales_metrics"} */

      drop table if exists "dbt"."main"."int_car_sales_metrics__dbt_backup" cascade
    
[0m21:50:32.386833 [debug] [Thread-1 (]: SQL status: OK in 0.001 seconds
[0m21:50:32.389079 [debug] [Thread-1 (]: On model.car_sales_dbt.int_car_sales_metrics: Close
[0m21:50:32.390503 [debug] [Thread-1 (]: Sending event: {'category': 'dbt', 'action': 'run_model', 'label': '0d9fa9f0-158e-44ca-9808-05ddf827252f', 'context': [<snowplow_tracker.self_describing_json.SelfDescribingJson object at 0x72deb00defd0>]}
[0m21:50:32.391689 [info ] [Thread-1 (]: 3 of 4 OK created sql table model main.int_car_sales_metrics ................... [[32mOK[0m in 1.37s]
[0m21:50:32.393130 [debug] [Thread-1 (]: Finished running node model.car_sales_dbt.int_car_sales_metrics
[0m21:50:32.394331 [debug] [Thread-1 (]: Began running node model.car_sales_dbt.fct_car_sales
[0m21:50:32.395505 [info ] [Thread-1 (]: 4 of 4 START sql table model main.fct_car_sales ................................ [RUN]
[0m21:50:32.397059 [debug] [Thread-1 (]: Re-using an available connection from the pool (formerly model.car_sales_dbt.int_car_sales_metrics, now model.car_sales_dbt.fct_car_sales)
[0m21:50:32.398018 [debug] [Thread-1 (]: Began compiling node model.car_sales_dbt.fct_car_sales
[0m21:50:32.401293 [debug] [Thread-1 (]: Writing injected SQL for node "model.car_sales_dbt.fct_car_sales"
[0m21:50:32.410302 [debug] [Thread-1 (]: Began executing node model.car_sales_dbt.fct_car_sales
[0m21:50:32.413547 [debug] [Thread-1 (]: Writing runtime sql for node "model.car_sales_dbt.fct_car_sales"
[0m21:50:32.423688 [debug] [Thread-1 (]: Using duckdb connection "model.car_sales_dbt.fct_car_sales"
[0m21:50:32.424829 [debug] [Thread-1 (]: On model.car_sales_dbt.fct_car_sales: BEGIN
[0m21:50:32.425986 [debug] [Thread-1 (]: Opening a new connection, currently in state closed
[0m21:50:32.427647 [debug] [Thread-1 (]: SQL status: OK in 0.002 seconds
[0m21:50:32.428509 [debug] [Thread-1 (]: Using duckdb connection "model.car_sales_dbt.fct_car_sales"
[0m21:50:32.429656 [debug] [Thread-1 (]: On model.car_sales_dbt.fct_car_sales: /* {"app": "dbt", "dbt_version": "1.10.15", "profile_name": "car_sales_profile", "target_name": "dev", "node_id": "model.car_sales_dbt.fct_car_sales"} */

  
    
    

    create  table
      "dbt"."main"."fct_car_sales__dbt_tmp"
  
    as (
      with base as (
    select * from "dbt"."main"."stg_car_sales"
),
dim as (
    select * from "dbt"."main"."dim_salespersons"
),
joined as (
    select
        md5(concat(sale_date,customer_name,car_model,sale_price)) as sale_id,
        dim.salesperson_id,
        base.*
    from base
    left join dim 
        on dim.salesperson_name = base.salesperson
)

select * from joined
    );
  
  
[0m21:50:37.698932 [debug] [Thread-1 (]: SQL status: OK in 5.268 seconds
[0m21:50:37.706056 [debug] [Thread-1 (]: Using duckdb connection "model.car_sales_dbt.fct_car_sales"
[0m21:50:37.707795 [debug] [Thread-1 (]: On model.car_sales_dbt.fct_car_sales: /* {"app": "dbt", "dbt_version": "1.10.15", "profile_name": "car_sales_profile", "target_name": "dev", "node_id": "model.car_sales_dbt.fct_car_sales"} */
alter table "dbt"."main"."fct_car_sales__dbt_tmp" rename to "fct_car_sales"
[0m21:50:37.710026 [debug] [Thread-1 (]: SQL status: OK in 0.001 seconds
[0m21:50:37.712506 [debug] [Thread-1 (]: On model.car_sales_dbt.fct_car_sales: COMMIT
[0m21:50:37.713848 [debug] [Thread-1 (]: Using duckdb connection "model.car_sales_dbt.fct_car_sales"
[0m21:50:37.714997 [debug] [Thread-1 (]: On model.car_sales_dbt.fct_car_sales: COMMIT
[0m21:50:38.116374 [debug] [Thread-1 (]: SQL status: OK in 0.400 seconds
[0m21:50:38.120528 [debug] [Thread-1 (]: Using duckdb connection "model.car_sales_dbt.fct_car_sales"
[0m21:50:38.121331 [debug] [Thread-1 (]: On model.car_sales_dbt.fct_car_sales: /* {"app": "dbt", "dbt_version": "1.10.15", "profile_name": "car_sales_profile", "target_name": "dev", "node_id": "model.car_sales_dbt.fct_car_sales"} */

      drop table if exists "dbt"."main"."fct_car_sales__dbt_backup" cascade
    
[0m21:50:38.122506 [debug] [Thread-1 (]: SQL status: OK in 0.001 seconds
[0m21:50:38.123804 [debug] [Thread-1 (]: On model.car_sales_dbt.fct_car_sales: Close
[0m21:50:38.126435 [debug] [Thread-1 (]: Sending event: {'category': 'dbt', 'action': 'run_model', 'label': '0d9fa9f0-158e-44ca-9808-05ddf827252f', 'context': [<snowplow_tracker.self_describing_json.SelfDescribingJson object at 0x72dec2052ed0>]}
[0m21:50:38.128605 [info ] [Thread-1 (]: 4 of 4 OK created sql table model main.fct_car_sales ........................... [[32mOK[0m in 5.73s]
[0m21:50:38.131076 [debug] [Thread-1 (]: Finished running node model.car_sales_dbt.fct_car_sales
[0m21:50:38.134009 [debug] [MainThread]: Using duckdb connection "master"
[0m21:50:38.134868 [debug] [MainThread]: On master: BEGIN
[0m21:50:38.135645 [debug] [MainThread]: Opening a new connection, currently in state closed
[0m21:50:38.136919 [debug] [MainThread]: SQL status: OK in 0.001 seconds
[0m21:50:38.137513 [debug] [MainThread]: On master: COMMIT
[0m21:50:38.138015 [debug] [MainThread]: Using duckdb connection "master"
[0m21:50:38.138645 [debug] [MainThread]: On master: COMMIT
[0m21:50:38.139487 [debug] [MainThread]: SQL status: OK in 0.000 seconds
[0m21:50:38.140173 [debug] [MainThread]: On master: Close
[0m21:50:38.140852 [debug] [MainThread]: Connection 'master' was properly closed.
[0m21:50:38.141402 [debug] [MainThread]: Connection 'model.car_sales_dbt.fct_car_sales' was properly closed.
[0m21:50:38.142063 [info ] [MainThread]: 
[0m21:50:38.143024 [info ] [MainThread]: Finished running 3 table models, 1 view model in 0 hours 0 minutes and 8.39 seconds (8.39s).
[0m21:50:38.145118 [debug] [MainThread]: Command end result
[0m21:50:38.189610 [debug] [MainThread]: Wrote artifact WritableManifest to /app/target/manifest.json
[0m21:50:38.197031 [debug] [MainThread]: Wrote artifact SemanticManifest to /app/target/semantic_manifest.json
[0m21:50:38.207142 [debug] [MainThread]: Wrote artifact RunExecutionResult to /app/target/run_results.json
[0m21:50:38.208064 [info ] [MainThread]: 
[0m21:50:38.209259 [info ] [MainThread]: [32mCompleted successfully[0m
[0m21:50:38.210491 [info ] [MainThread]: 
[0m21:50:38.211662 [info ] [MainThread]: Done. PASS=4 WARN=0 ERROR=0 SKIP=0 NO-OP=0 TOTAL=4
[0m21:50:38.212973 [debug] [MainThread]: Resource report: {"command_name": "run", "command_success": true, "command_wall_clock_time": 9.538427, "process_in_blocks": "2816", "process_kernel_time": 3.446806, "process_mem_max_rss": "819444", "process_out_blocks": "0", "process_user_time": 21.292723}
[0m21:50:38.214037 [debug] [MainThread]: Command `dbt run` succeeded at 21:50:38.213931 after 9.54 seconds
[0m21:50:38.214973 [debug] [MainThread]: Sending event: {'category': 'dbt', 'action': 'invocation', 'label': 'end', 'context': [<snowplow_tracker.self_describing_json.SelfDescribingJson object at 0x72dec68810d0>, <snowplow_tracker.self_describing_json.SelfDescribingJson object at 0x72dec6880650>, <snowplow_tracker.self_describing_json.SelfDescribingJson object at 0x72deb02e05d0>]}
[0m21:50:38.215784 [debug] [MainThread]: Flushing usage events
[0m21:50:39.158912 [debug] [MainThread]: An error was encountered while trying to flush usage events
[0m21:50:40.704155 [debug] [MainThread]: Sending event: {'category': 'dbt', 'action': 'invocation', 'label': 'start', 'context': [<snowplow_tracker.self_describing_json.SelfDescribingJson object at 0x7f96778b7050>, <snowplow_tracker.self_describing_json.SelfDescribingJson object at 0x7f9677aaa390>, <snowplow_tracker.self_describing_json.SelfDescribingJson object at 0x7f9679e81810>]}


============================== 21:50:40.707298 | f50724e4-bace-419c-ba95-cc27d55b6915 ==============================
[0m21:50:40.707298 [info ] [MainThread]: Running with dbt=1.10.15
[0m21:50:40.708932 [debug] [MainThread]: running dbt with arguments {'partial_parse': 'True', 'warn_error': 'None', 'no_print': 'None', 'log_format': 'default', 'write_json': 'True', 'printer_width': '80', 'profiles_dir': '.', 'log_cache_events': 'False', 'warn_error_options': 'WarnErrorOptionsV2(error=[], warn=[], silence=[])', 'introspect': 'True', 'debug': 'False', 'send_anonymous_usage_stats': 'True', 'target_path': 'None', 'invocation_command': 'dbt test --profiles-dir .', 'quiet': 'False', 'indirect_selection': 'eager', 'cache_selected_only': 'False', 'fail_fast': 'False', 'empty': 'None', 'version_check': 'True', 'use_experimental_parser': 'False', 'log_path': '/app/logs', 'static_parser': 'True', 'use_colors': 'True'}
[0m21:50:40.942382 [debug] [MainThread]: Sending event: {'category': 'dbt', 'action': 'project_id', 'label': 'f50724e4-bace-419c-ba95-cc27d55b6915', 'context': [<snowplow_tracker.self_describing_json.SelfDescribingJson object at 0x7f9677972d90>]}
[0m21:50:41.015674 [debug] [MainThread]: Sending event: {'category': 'dbt', 'action': 'adapter_info', 'label': 'f50724e4-bace-419c-ba95-cc27d55b6915', 'context': [<snowplow_tracker.self_describing_json.SelfDescribingJson object at 0x7f967a64c0d0>]}
[0m21:50:41.022765 [info ] [MainThread]: Registered adapter: duckdb=1.10.0
[0m21:50:41.131274 [debug] [MainThread]: checksum: 14a228079bd6df63ba81633f9a3cf44ecfaa31056ac397c602753ec895dbf885, vars: {}, profile: , target: , version: 1.10.15
[0m21:50:41.368013 [debug] [MainThread]: Partial parsing enabled: 0 files deleted, 0 files added, 0 files changed.
[0m21:50:41.369370 [debug] [MainThread]: Partial parsing enabled, no changes found, skipping parsing
[0m21:50:41.413054 [debug] [MainThread]: Sending event: {'category': 'dbt', 'action': 'load_project', 'label': 'f50724e4-bace-419c-ba95-cc27d55b6915', 'context': [<snowplow_tracker.self_describing_json.SelfDescribingJson object at 0x7f9668a04810>]}
[0m21:50:41.488343 [debug] [MainThread]: Wrote artifact WritableManifest to /app/target/manifest.json
[0m21:50:41.492311 [debug] [MainThread]: Wrote artifact SemanticManifest to /app/target/semantic_manifest.json
[0m21:50:41.513953 [debug] [MainThread]: Sending event: {'category': 'dbt', 'action': 'resource_counts', 'label': 'f50724e4-bace-419c-ba95-cc27d55b6915', 'context': [<snowplow_tracker.self_describing_json.SelfDescribingJson object at 0x7f9625db5ed0>]}
[0m21:50:41.514778 [info ] [MainThread]: Found 4 models, 1 seed, 4 data tests, 468 macros
[0m21:50:41.515670 [debug] [MainThread]: Sending event: {'category': 'dbt', 'action': 'runnable_timing', 'label': 'f50724e4-bace-419c-ba95-cc27d55b6915', 'context': [<snowplow_tracker.self_describing_json.SelfDescribingJson object at 0x7f9677975bd0>]}
[0m21:50:41.517705 [info ] [MainThread]: 
[0m21:50:41.518508 [info ] [MainThread]: Concurrency: 1 threads (target='dev')
[0m21:50:41.519440 [info ] [MainThread]: 
[0m21:50:41.520741 [debug] [MainThread]: Acquiring new duckdb connection 'master'
[0m21:50:41.525653 [debug] [ThreadPool]: Acquiring new duckdb connection 'list_dbt_main'
[0m21:50:41.550681 [debug] [ThreadPool]: Using duckdb connection "list_dbt_main"
[0m21:50:41.551605 [debug] [ThreadPool]: On list_dbt_main: BEGIN
[0m21:50:41.552226 [debug] [ThreadPool]: Opening a new connection, currently in state init
[0m21:50:41.569982 [debug] [ThreadPool]: SQL status: OK in 0.018 seconds
[0m21:50:41.570763 [debug] [ThreadPool]: Using duckdb connection "list_dbt_main"
[0m21:50:41.571445 [debug] [ThreadPool]: On list_dbt_main: /* {"app": "dbt", "dbt_version": "1.10.15", "profile_name": "car_sales_profile", "target_name": "dev", "connection_name": "list_dbt_main"} */
select
      'dbt' as database,
      table_name as name,
      table_schema as schema,
      CASE table_type
        WHEN 'BASE TABLE' THEN 'table'
        WHEN 'VIEW' THEN 'view'
        WHEN 'LOCAL TEMPORARY' THEN 'table'
        END as type
    from system.information_schema.tables
    where lower(table_schema) = 'main'
    and lower(table_catalog) = 'dbt'
  
[0m21:50:41.580359 [debug] [ThreadPool]: SQL status: OK in 0.008 seconds
[0m21:50:41.582020 [debug] [ThreadPool]: On list_dbt_main: ROLLBACK
[0m21:50:41.582855 [debug] [ThreadPool]: Failed to rollback 'list_dbt_main'
[0m21:50:41.583339 [debug] [ThreadPool]: On list_dbt_main: Close
[0m21:50:41.584630 [debug] [MainThread]: Sending event: {'category': 'dbt', 'action': 'runnable_timing', 'label': 'f50724e4-bace-419c-ba95-cc27d55b6915', 'context': [<snowplow_tracker.self_describing_json.SelfDescribingJson object at 0x7f9625de0790>]}
[0m21:50:41.585437 [debug] [MainThread]: Using duckdb connection "master"
[0m21:50:41.586173 [debug] [MainThread]: On master: BEGIN
[0m21:50:41.587003 [debug] [MainThread]: Opening a new connection, currently in state init
[0m21:50:41.588347 [debug] [MainThread]: SQL status: OK in 0.001 seconds
[0m21:50:41.589334 [debug] [MainThread]: On master: COMMIT
[0m21:50:41.590304 [debug] [MainThread]: Using duckdb connection "master"
[0m21:50:41.591147 [debug] [MainThread]: On master: COMMIT
[0m21:50:41.592471 [debug] [MainThread]: SQL status: OK in 0.000 seconds
[0m21:50:41.593375 [debug] [MainThread]: On master: Close
[0m21:50:41.596170 [debug] [Thread-1 (]: Began running node test.car_sales_dbt.not_null_dim_salespersons_salesperson_id.2fa18824ca
[0m21:50:41.597053 [info ] [Thread-1 (]: 1 of 4 START test not_null_dim_salespersons_salesperson_id ..................... [RUN]
[0m21:50:41.598402 [debug] [Thread-1 (]: Re-using an available connection from the pool (formerly list_dbt_main, now test.car_sales_dbt.not_null_dim_salespersons_salesperson_id.2fa18824ca)
[0m21:50:41.599282 [debug] [Thread-1 (]: Began compiling node test.car_sales_dbt.not_null_dim_salespersons_salesperson_id.2fa18824ca
[0m21:50:41.660845 [debug] [Thread-1 (]: Writing injected SQL for node "test.car_sales_dbt.not_null_dim_salespersons_salesperson_id.2fa18824ca"
[0m21:50:41.673073 [debug] [Thread-1 (]: Began executing node test.car_sales_dbt.not_null_dim_salespersons_salesperson_id.2fa18824ca
[0m21:50:41.685826 [debug] [Thread-1 (]: Writing runtime sql for node "test.car_sales_dbt.not_null_dim_salespersons_salesperson_id.2fa18824ca"
[0m21:50:41.698368 [debug] [Thread-1 (]: Using duckdb connection "test.car_sales_dbt.not_null_dim_salespersons_salesperson_id.2fa18824ca"
[0m21:50:41.699020 [debug] [Thread-1 (]: On test.car_sales_dbt.not_null_dim_salespersons_salesperson_id.2fa18824ca: BEGIN
[0m21:50:41.699642 [debug] [Thread-1 (]: Opening a new connection, currently in state closed
[0m21:50:41.700800 [debug] [Thread-1 (]: SQL status: OK in 0.001 seconds
[0m21:50:41.701336 [debug] [Thread-1 (]: Using duckdb connection "test.car_sales_dbt.not_null_dim_salespersons_salesperson_id.2fa18824ca"
[0m21:50:41.701906 [debug] [Thread-1 (]: On test.car_sales_dbt.not_null_dim_salespersons_salesperson_id.2fa18824ca: /* {"app": "dbt", "dbt_version": "1.10.15", "profile_name": "car_sales_profile", "target_name": "dev", "node_id": "test.car_sales_dbt.not_null_dim_salespersons_salesperson_id.2fa18824ca"} */

    select
      count(*) as failures,
      count(*) != 0 as should_warn,
      count(*) != 0 as should_error
    from (
      
    
  
    
    



select salesperson_id
from "dbt"."main"."dim_salespersons"
where salesperson_id is null



  
  
      
    ) dbt_internal_test
[0m21:50:41.704399 [debug] [Thread-1 (]: SQL status: OK in 0.002 seconds
[0m21:50:41.708004 [debug] [Thread-1 (]: On test.car_sales_dbt.not_null_dim_salespersons_salesperson_id.2fa18824ca: ROLLBACK
[0m21:50:41.709126 [debug] [Thread-1 (]: Failed to rollback 'test.car_sales_dbt.not_null_dim_salespersons_salesperson_id.2fa18824ca'
[0m21:50:41.709933 [debug] [Thread-1 (]: On test.car_sales_dbt.not_null_dim_salespersons_salesperson_id.2fa18824ca: Close
[0m21:50:41.711003 [info ] [Thread-1 (]: 1 of 4 PASS not_null_dim_salespersons_salesperson_id ........................... [[32mPASS[0m in 0.11s]
[0m21:50:41.712215 [debug] [Thread-1 (]: Finished running node test.car_sales_dbt.not_null_dim_salespersons_salesperson_id.2fa18824ca
[0m21:50:41.713184 [debug] [Thread-1 (]: Began running node test.car_sales_dbt.not_null_stg_car_sales_sale_date.cf4ed58a02
[0m21:50:41.713940 [info ] [Thread-1 (]: 2 of 4 START test not_null_stg_car_sales_sale_date ............................. [RUN]
[0m21:50:41.714932 [debug] [Thread-1 (]: Re-using an available connection from the pool (formerly test.car_sales_dbt.not_null_dim_salespersons_salesperson_id.2fa18824ca, now test.car_sales_dbt.not_null_stg_car_sales_sale_date.cf4ed58a02)
[0m21:50:41.715657 [debug] [Thread-1 (]: Began compiling node test.car_sales_dbt.not_null_stg_car_sales_sale_date.cf4ed58a02
[0m21:50:41.719407 [debug] [Thread-1 (]: Writing injected SQL for node "test.car_sales_dbt.not_null_stg_car_sales_sale_date.cf4ed58a02"
[0m21:50:41.725935 [debug] [Thread-1 (]: Began executing node test.car_sales_dbt.not_null_stg_car_sales_sale_date.cf4ed58a02
[0m21:50:41.729757 [debug] [Thread-1 (]: Writing runtime sql for node "test.car_sales_dbt.not_null_stg_car_sales_sale_date.cf4ed58a02"
[0m21:50:41.736151 [debug] [Thread-1 (]: Using duckdb connection "test.car_sales_dbt.not_null_stg_car_sales_sale_date.cf4ed58a02"
[0m21:50:41.736851 [debug] [Thread-1 (]: On test.car_sales_dbt.not_null_stg_car_sales_sale_date.cf4ed58a02: BEGIN
[0m21:50:41.737626 [debug] [Thread-1 (]: Opening a new connection, currently in state closed
[0m21:50:41.738717 [debug] [Thread-1 (]: SQL status: OK in 0.001 seconds
[0m21:50:41.739312 [debug] [Thread-1 (]: Using duckdb connection "test.car_sales_dbt.not_null_stg_car_sales_sale_date.cf4ed58a02"
[0m21:50:41.739906 [debug] [Thread-1 (]: On test.car_sales_dbt.not_null_stg_car_sales_sale_date.cf4ed58a02: /* {"app": "dbt", "dbt_version": "1.10.15", "profile_name": "car_sales_profile", "target_name": "dev", "node_id": "test.car_sales_dbt.not_null_stg_car_sales_sale_date.cf4ed58a02"} */

    select
      count(*) as failures,
      count(*) != 0 as should_warn,
      count(*) != 0 as should_error
    from (
      
    
  
    
    



select sale_date
from "dbt"."main"."stg_car_sales"
where sale_date is null



  
  
      
    ) dbt_internal_test
[0m21:50:41.741647 [debug] [Thread-1 (]: SQL status: OK in 0.001 seconds
[0m21:50:41.743344 [debug] [Thread-1 (]: On test.car_sales_dbt.not_null_stg_car_sales_sale_date.cf4ed58a02: ROLLBACK
[0m21:50:41.744235 [debug] [Thread-1 (]: Failed to rollback 'test.car_sales_dbt.not_null_stg_car_sales_sale_date.cf4ed58a02'
[0m21:50:41.745185 [debug] [Thread-1 (]: On test.car_sales_dbt.not_null_stg_car_sales_sale_date.cf4ed58a02: Close
[0m21:50:41.746603 [info ] [Thread-1 (]: 2 of 4 PASS not_null_stg_car_sales_sale_date ................................... [[32mPASS[0m in 0.03s]
[0m21:50:41.747584 [debug] [Thread-1 (]: Finished running node test.car_sales_dbt.not_null_stg_car_sales_sale_date.cf4ed58a02
[0m21:50:41.748558 [debug] [Thread-1 (]: Began running node test.car_sales_dbt.not_null_stg_car_sales_sale_price.d3e092a604
[0m21:50:41.749502 [info ] [Thread-1 (]: 3 of 4 START test not_null_stg_car_sales_sale_price ............................ [RUN]
[0m21:50:41.750828 [debug] [Thread-1 (]: Re-using an available connection from the pool (formerly test.car_sales_dbt.not_null_stg_car_sales_sale_date.cf4ed58a02, now test.car_sales_dbt.not_null_stg_car_sales_sale_price.d3e092a604)
[0m21:50:41.751665 [debug] [Thread-1 (]: Began compiling node test.car_sales_dbt.not_null_stg_car_sales_sale_price.d3e092a604
[0m21:50:41.755206 [debug] [Thread-1 (]: Writing injected SQL for node "test.car_sales_dbt.not_null_stg_car_sales_sale_price.d3e092a604"
[0m21:50:41.762791 [debug] [Thread-1 (]: Began executing node test.car_sales_dbt.not_null_stg_car_sales_sale_price.d3e092a604
[0m21:50:41.765323 [debug] [Thread-1 (]: Writing runtime sql for node "test.car_sales_dbt.not_null_stg_car_sales_sale_price.d3e092a604"
[0m21:50:41.772011 [debug] [Thread-1 (]: Using duckdb connection "test.car_sales_dbt.not_null_stg_car_sales_sale_price.d3e092a604"
[0m21:50:41.772700 [debug] [Thread-1 (]: On test.car_sales_dbt.not_null_stg_car_sales_sale_price.d3e092a604: BEGIN
[0m21:50:41.773370 [debug] [Thread-1 (]: Opening a new connection, currently in state closed
[0m21:50:41.774833 [debug] [Thread-1 (]: SQL status: OK in 0.002 seconds
[0m21:50:41.775574 [debug] [Thread-1 (]: Using duckdb connection "test.car_sales_dbt.not_null_stg_car_sales_sale_price.d3e092a604"
[0m21:50:41.776198 [debug] [Thread-1 (]: On test.car_sales_dbt.not_null_stg_car_sales_sale_price.d3e092a604: /* {"app": "dbt", "dbt_version": "1.10.15", "profile_name": "car_sales_profile", "target_name": "dev", "node_id": "test.car_sales_dbt.not_null_stg_car_sales_sale_price.d3e092a604"} */

    select
      count(*) as failures,
      count(*) != 0 as should_warn,
      count(*) != 0 as should_error
    from (
      
    
  
    
    



select sale_price
from "dbt"."main"."stg_car_sales"
where sale_price is null



  
  
      
    ) dbt_internal_test
[0m21:50:41.778225 [debug] [Thread-1 (]: SQL status: OK in 0.001 seconds
[0m21:50:41.782223 [debug] [Thread-1 (]: On test.car_sales_dbt.not_null_stg_car_sales_sale_price.d3e092a604: ROLLBACK
[0m21:50:41.783787 [debug] [Thread-1 (]: Failed to rollback 'test.car_sales_dbt.not_null_stg_car_sales_sale_price.d3e092a604'
[0m21:50:41.784687 [debug] [Thread-1 (]: On test.car_sales_dbt.not_null_stg_car_sales_sale_price.d3e092a604: Close
[0m21:50:41.785763 [info ] [Thread-1 (]: 3 of 4 PASS not_null_stg_car_sales_sale_price .................................. [[32mPASS[0m in 0.03s]
[0m21:50:41.787018 [debug] [Thread-1 (]: Finished running node test.car_sales_dbt.not_null_stg_car_sales_sale_price.d3e092a604
[0m21:50:41.787970 [debug] [Thread-1 (]: Began running node test.car_sales_dbt.unique_dim_salespersons_salesperson_id.e0fb35ccf3
[0m21:50:41.788730 [info ] [Thread-1 (]: 4 of 4 START test unique_dim_salespersons_salesperson_id ....................... [RUN]
[0m21:50:41.789548 [debug] [Thread-1 (]: Re-using an available connection from the pool (formerly test.car_sales_dbt.not_null_stg_car_sales_sale_price.d3e092a604, now test.car_sales_dbt.unique_dim_salespersons_salesperson_id.e0fb35ccf3)
[0m21:50:41.790225 [debug] [Thread-1 (]: Began compiling node test.car_sales_dbt.unique_dim_salespersons_salesperson_id.e0fb35ccf3
[0m21:50:41.795263 [debug] [Thread-1 (]: Writing injected SQL for node "test.car_sales_dbt.unique_dim_salespersons_salesperson_id.e0fb35ccf3"
[0m21:50:41.803444 [debug] [Thread-1 (]: Began executing node test.car_sales_dbt.unique_dim_salespersons_salesperson_id.e0fb35ccf3
[0m21:50:41.806392 [debug] [Thread-1 (]: Writing runtime sql for node "test.car_sales_dbt.unique_dim_salespersons_salesperson_id.e0fb35ccf3"
[0m21:50:41.813932 [debug] [Thread-1 (]: Using duckdb connection "test.car_sales_dbt.unique_dim_salespersons_salesperson_id.e0fb35ccf3"
[0m21:50:41.815464 [debug] [Thread-1 (]: On test.car_sales_dbt.unique_dim_salespersons_salesperson_id.e0fb35ccf3: BEGIN
[0m21:50:41.816665 [debug] [Thread-1 (]: Opening a new connection, currently in state closed
[0m21:50:41.818233 [debug] [Thread-1 (]: SQL status: OK in 0.002 seconds
[0m21:50:41.819060 [debug] [Thread-1 (]: Using duckdb connection "test.car_sales_dbt.unique_dim_salespersons_salesperson_id.e0fb35ccf3"
[0m21:50:41.819702 [debug] [Thread-1 (]: On test.car_sales_dbt.unique_dim_salespersons_salesperson_id.e0fb35ccf3: /* {"app": "dbt", "dbt_version": "1.10.15", "profile_name": "car_sales_profile", "target_name": "dev", "node_id": "test.car_sales_dbt.unique_dim_salespersons_salesperson_id.e0fb35ccf3"} */

    select
      count(*) as failures,
      count(*) != 0 as should_warn,
      count(*) != 0 as should_error
    from (
      
    
  
    
    

select
    salesperson_id as unique_field,
    count(*) as n_records

from "dbt"."main"."dim_salespersons"
where salesperson_id is not null
group by salesperson_id
having count(*) > 1



  
  
      
    ) dbt_internal_test
[0m21:50:41.877654 [debug] [Thread-1 (]: SQL status: OK in 0.057 seconds
[0m21:50:41.879861 [debug] [Thread-1 (]: On test.car_sales_dbt.unique_dim_salespersons_salesperson_id.e0fb35ccf3: ROLLBACK
[0m21:50:41.880877 [debug] [Thread-1 (]: Failed to rollback 'test.car_sales_dbt.unique_dim_salespersons_salesperson_id.e0fb35ccf3'
[0m21:50:41.881785 [debug] [Thread-1 (]: On test.car_sales_dbt.unique_dim_salespersons_salesperson_id.e0fb35ccf3: Close
[0m21:50:41.882716 [info ] [Thread-1 (]: 4 of 4 PASS unique_dim_salespersons_salesperson_id ............................. [[32mPASS[0m in 0.09s]
[0m21:50:41.883901 [debug] [Thread-1 (]: Finished running node test.car_sales_dbt.unique_dim_salespersons_salesperson_id.e0fb35ccf3
[0m21:50:41.885716 [debug] [MainThread]: Using duckdb connection "master"
[0m21:50:41.886552 [debug] [MainThread]: On master: BEGIN
[0m21:50:41.887149 [debug] [MainThread]: Opening a new connection, currently in state closed
[0m21:50:41.888353 [debug] [MainThread]: SQL status: OK in 0.001 seconds
[0m21:50:41.889135 [debug] [MainThread]: On master: COMMIT
[0m21:50:41.890245 [debug] [MainThread]: Using duckdb connection "master"
[0m21:50:41.890928 [debug] [MainThread]: On master: COMMIT
[0m21:50:41.892385 [debug] [MainThread]: SQL status: OK in 0.001 seconds
[0m21:50:41.893647 [debug] [MainThread]: On master: Close
[0m21:50:41.894548 [debug] [MainThread]: Connection 'master' was properly closed.
[0m21:50:41.895383 [debug] [MainThread]: Connection 'test.car_sales_dbt.unique_dim_salespersons_salesperson_id.e0fb35ccf3' was properly closed.
[0m21:50:41.896929 [info ] [MainThread]: 
[0m21:50:41.897695 [info ] [MainThread]: Finished running 4 data tests in 0 hours 0 minutes and 0.38 seconds (0.38s).
[0m21:50:41.899634 [debug] [MainThread]: Command end result
[0m21:50:41.935910 [debug] [MainThread]: Wrote artifact WritableManifest to /app/target/manifest.json
[0m21:50:41.941334 [debug] [MainThread]: Wrote artifact SemanticManifest to /app/target/semantic_manifest.json
[0m21:50:41.950794 [debug] [MainThread]: Wrote artifact RunExecutionResult to /app/target/run_results.json
[0m21:50:41.951583 [info ] [MainThread]: 
[0m21:50:41.952737 [info ] [MainThread]: [32mCompleted successfully[0m
[0m21:50:41.953728 [info ] [MainThread]: 
[0m21:50:41.954686 [info ] [MainThread]: Done. PASS=4 WARN=0 ERROR=0 SKIP=0 NO-OP=0 TOTAL=4
[0m21:50:41.956365 [debug] [MainThread]: Resource report: {"command_name": "test", "command_success": true, "command_wall_clock_time": 1.3222973, "process_in_blocks": "1672", "process_kernel_time": 0.285094, "process_mem_max_rss": "236408", "process_out_blocks": "0", "process_user_time": 2.102573}
[0m21:50:41.957353 [debug] [MainThread]: Command `dbt test` succeeded at 21:50:41.957238 after 1.32 seconds
[0m21:50:41.958211 [debug] [MainThread]: Sending event: {'category': 'dbt', 'action': 'invocation', 'label': 'end', 'context': [<snowplow_tracker.self_describing_json.SelfDescribingJson object at 0x7f967c29c690>, <snowplow_tracker.self_describing_json.SelfDescribingJson object at 0x7f967c29c650>, <snowplow_tracker.self_describing_json.SelfDescribingJson object at 0x7f967c29d690>]}
[0m21:50:41.959077 [debug] [MainThread]: Flushing usage events
[0m21:50:42.537084 [debug] [MainThread]: An error was encountered while trying to flush usage events
[0m21:50:44.110359 [debug] [MainThread]: Sending event: {'category': 'dbt', 'action': 'invocation', 'label': 'start', 'context': [<snowplow_tracker.self_describing_json.SelfDescribingJson object at 0x7514f82844d0>, <snowplow_tracker.self_describing_json.SelfDescribingJson object at 0x7514f827e450>, <snowplow_tracker.self_describing_json.SelfDescribingJson object at 0x7514f882afd0>]}


============================== 21:50:44.113242 | e33c16bb-a916-4ef0-b71b-79f1a3993b02 ==============================
[0m21:50:44.113242 [info ] [MainThread]: Running with dbt=1.10.15
[0m21:50:44.114285 [debug] [MainThread]: running dbt with arguments {'profiles_dir': '.', 'introspect': 'True', 'use_colors': 'True', 'debug': 'False', 'send_anonymous_usage_stats': 'True', 'write_json': 'True', 'version_check': 'True', 'fail_fast': 'False', 'log_format': 'default', 'target_path': 'None', 'partial_parse': 'True', 'invocation_command': 'dbt docs generate --profiles-dir .', 'warn_error_options': 'WarnErrorOptionsV2(error=[], warn=[], silence=[])', 'empty': 'None', 'log_path': '/app/logs', 'log_cache_events': 'False', 'indirect_selection': 'eager', 'printer_width': '80', 'no_print': 'None', 'use_experimental_parser': 'False', 'quiet': 'False', 'static_parser': 'True', 'cache_selected_only': 'False', 'warn_error': 'None'}
[0m21:50:44.316047 [debug] [MainThread]: Sending event: {'category': 'dbt', 'action': 'project_id', 'label': 'e33c16bb-a916-4ef0-b71b-79f1a3993b02', 'context': [<snowplow_tracker.self_describing_json.SelfDescribingJson object at 0x7514f813f350>]}
[0m21:50:44.372927 [debug] [MainThread]: Sending event: {'category': 'dbt', 'action': 'adapter_info', 'label': 'e33c16bb-a916-4ef0-b71b-79f1a3993b02', 'context': [<snowplow_tracker.self_describing_json.SelfDescribingJson object at 0x7514fae56410>]}
[0m21:50:44.375536 [info ] [MainThread]: Registered adapter: duckdb=1.10.0
[0m21:50:44.442168 [debug] [MainThread]: checksum: 14a228079bd6df63ba81633f9a3cf44ecfaa31056ac397c602753ec895dbf885, vars: {}, profile: , target: , version: 1.10.15
[0m21:50:44.634599 [debug] [MainThread]: Partial parsing enabled: 0 files deleted, 0 files added, 0 files changed.
[0m21:50:44.635498 [debug] [MainThread]: Partial parsing enabled, no changes found, skipping parsing
[0m21:50:44.674201 [debug] [MainThread]: Sending event: {'category': 'dbt', 'action': 'load_project', 'label': 'e33c16bb-a916-4ef0-b71b-79f1a3993b02', 'context': [<snowplow_tracker.self_describing_json.SelfDescribingJson object at 0x7514e9241490>]}
[0m21:50:44.691102 [debug] [MainThread]: Sending event: {'category': 'dbt', 'action': 'resource_counts', 'label': 'e33c16bb-a916-4ef0-b71b-79f1a3993b02', 'context': [<snowplow_tracker.self_describing_json.SelfDescribingJson object at 0x7514e91069d0>]}
[0m21:50:44.691910 [info ] [MainThread]: Found 4 models, 1 seed, 4 data tests, 468 macros
[0m21:50:44.692775 [debug] [MainThread]: Sending event: {'category': 'dbt', 'action': 'runnable_timing', 'label': 'e33c16bb-a916-4ef0-b71b-79f1a3993b02', 'context': [<snowplow_tracker.self_describing_json.SelfDescribingJson object at 0x7514e958a890>]}
[0m21:50:44.694927 [info ] [MainThread]: 
[0m21:50:44.696080 [info ] [MainThread]: Concurrency: 1 threads (target='dev')
[0m21:50:44.697028 [info ] [MainThread]: 
[0m21:50:44.698451 [debug] [MainThread]: Acquiring new duckdb connection 'master'
[0m21:50:44.705675 [debug] [ThreadPool]: Acquiring new duckdb connection 'list_dbt_main'
[0m21:50:44.734758 [debug] [ThreadPool]: Using duckdb connection "list_dbt_main"
[0m21:50:44.735745 [debug] [ThreadPool]: On list_dbt_main: BEGIN
[0m21:50:44.736806 [debug] [ThreadPool]: Opening a new connection, currently in state init
[0m21:50:44.759381 [debug] [ThreadPool]: SQL status: OK in 0.022 seconds
[0m21:50:44.760765 [debug] [ThreadPool]: Using duckdb connection "list_dbt_main"
[0m21:50:44.762258 [debug] [ThreadPool]: On list_dbt_main: /* {"app": "dbt", "dbt_version": "1.10.15", "profile_name": "car_sales_profile", "target_name": "dev", "connection_name": "list_dbt_main"} */
select
      'dbt' as database,
      table_name as name,
      table_schema as schema,
      CASE table_type
        WHEN 'BASE TABLE' THEN 'table'
        WHEN 'VIEW' THEN 'view'
        WHEN 'LOCAL TEMPORARY' THEN 'table'
        END as type
    from system.information_schema.tables
    where lower(table_schema) = 'main'
    and lower(table_catalog) = 'dbt'
  
[0m21:50:44.771750 [debug] [ThreadPool]: SQL status: OK in 0.008 seconds
[0m21:50:44.774582 [debug] [ThreadPool]: On list_dbt_main: ROLLBACK
[0m21:50:44.775878 [debug] [ThreadPool]: Failed to rollback 'list_dbt_main'
[0m21:50:44.776980 [debug] [ThreadPool]: On list_dbt_main: Close
[0m21:50:44.778944 [debug] [MainThread]: Sending event: {'category': 'dbt', 'action': 'runnable_timing', 'label': 'e33c16bb-a916-4ef0-b71b-79f1a3993b02', 'context': [<snowplow_tracker.self_describing_json.SelfDescribingJson object at 0x7514e933ba90>]}
[0m21:50:44.781356 [debug] [Thread-1 (]: Began running node seed.car_sales_dbt.car_sales_all
[0m21:50:44.782216 [debug] [Thread-1 (]: Re-using an available connection from the pool (formerly list_dbt_main, now seed.car_sales_dbt.car_sales_all)
[0m21:50:44.783016 [debug] [Thread-1 (]: Began compiling node seed.car_sales_dbt.car_sales_all
[0m21:50:44.787480 [debug] [Thread-1 (]: Began executing node seed.car_sales_dbt.car_sales_all
[0m21:50:44.788837 [debug] [Thread-1 (]: Finished running node seed.car_sales_dbt.car_sales_all
[0m21:50:44.790278 [debug] [Thread-1 (]: Began running node model.car_sales_dbt.stg_car_sales
[0m21:50:44.791171 [debug] [Thread-1 (]: Re-using an available connection from the pool (formerly seed.car_sales_dbt.car_sales_all, now model.car_sales_dbt.stg_car_sales)
[0m21:50:44.791888 [debug] [Thread-1 (]: Began compiling node model.car_sales_dbt.stg_car_sales
[0m21:50:44.794037 [debug] [Thread-1 (]: Writing injected SQL for node "model.car_sales_dbt.stg_car_sales"
[0m21:50:44.802000 [debug] [Thread-1 (]: Began executing node model.car_sales_dbt.stg_car_sales
[0m21:50:44.802891 [debug] [Thread-1 (]: Finished running node model.car_sales_dbt.stg_car_sales
[0m21:50:44.804804 [debug] [Thread-1 (]: Began running node model.car_sales_dbt.dim_salespersons
[0m21:50:44.805732 [debug] [Thread-1 (]: Re-using an available connection from the pool (formerly model.car_sales_dbt.stg_car_sales, now model.car_sales_dbt.dim_salespersons)
[0m21:50:44.806682 [debug] [Thread-1 (]: Began compiling node model.car_sales_dbt.dim_salespersons
[0m21:50:44.808709 [debug] [Thread-1 (]: Writing injected SQL for node "model.car_sales_dbt.dim_salespersons"
[0m21:50:44.816362 [debug] [Thread-1 (]: Began executing node model.car_sales_dbt.dim_salespersons
[0m21:50:44.817388 [debug] [Thread-1 (]: Finished running node model.car_sales_dbt.dim_salespersons
[0m21:50:44.818178 [debug] [Thread-1 (]: Began running node model.car_sales_dbt.int_car_sales_metrics
[0m21:50:44.818997 [debug] [Thread-1 (]: Re-using an available connection from the pool (formerly model.car_sales_dbt.dim_salespersons, now model.car_sales_dbt.int_car_sales_metrics)
[0m21:50:44.819565 [debug] [Thread-1 (]: Began compiling node model.car_sales_dbt.int_car_sales_metrics
[0m21:50:44.822003 [debug] [Thread-1 (]: Writing injected SQL for node "model.car_sales_dbt.int_car_sales_metrics"
[0m21:50:44.829432 [debug] [Thread-1 (]: Began executing node model.car_sales_dbt.int_car_sales_metrics
[0m21:50:44.830386 [debug] [Thread-1 (]: Finished running node model.car_sales_dbt.int_car_sales_metrics
[0m21:50:44.831164 [debug] [Thread-1 (]: Began running node test.car_sales_dbt.not_null_stg_car_sales_sale_date.cf4ed58a02
[0m21:50:44.831859 [debug] [Thread-1 (]: Re-using an available connection from the pool (formerly model.car_sales_dbt.int_car_sales_metrics, now test.car_sales_dbt.not_null_stg_car_sales_sale_date.cf4ed58a02)
[0m21:50:44.832524 [debug] [Thread-1 (]: Began compiling node test.car_sales_dbt.not_null_stg_car_sales_sale_date.cf4ed58a02
[0m21:50:44.839881 [debug] [Thread-1 (]: Writing injected SQL for node "test.car_sales_dbt.not_null_stg_car_sales_sale_date.cf4ed58a02"
[0m21:50:44.850530 [debug] [Thread-1 (]: Began executing node test.car_sales_dbt.not_null_stg_car_sales_sale_date.cf4ed58a02
[0m21:50:44.851722 [debug] [Thread-1 (]: Finished running node test.car_sales_dbt.not_null_stg_car_sales_sale_date.cf4ed58a02
[0m21:50:44.852914 [debug] [Thread-1 (]: Began running node test.car_sales_dbt.not_null_stg_car_sales_sale_price.d3e092a604
[0m21:50:44.854110 [debug] [Thread-1 (]: Re-using an available connection from the pool (formerly test.car_sales_dbt.not_null_stg_car_sales_sale_date.cf4ed58a02, now test.car_sales_dbt.not_null_stg_car_sales_sale_price.d3e092a604)
[0m21:50:44.855460 [debug] [Thread-1 (]: Began compiling node test.car_sales_dbt.not_null_stg_car_sales_sale_price.d3e092a604
[0m21:50:44.861983 [debug] [Thread-1 (]: Writing injected SQL for node "test.car_sales_dbt.not_null_stg_car_sales_sale_price.d3e092a604"
[0m21:50:44.871702 [debug] [Thread-1 (]: Began executing node test.car_sales_dbt.not_null_stg_car_sales_sale_price.d3e092a604
[0m21:50:44.872674 [debug] [Thread-1 (]: Finished running node test.car_sales_dbt.not_null_stg_car_sales_sale_price.d3e092a604
[0m21:50:44.873466 [debug] [Thread-1 (]: Began running node model.car_sales_dbt.fct_car_sales
[0m21:50:44.874243 [debug] [Thread-1 (]: Re-using an available connection from the pool (formerly test.car_sales_dbt.not_null_stg_car_sales_sale_price.d3e092a604, now model.car_sales_dbt.fct_car_sales)
[0m21:50:44.875437 [debug] [Thread-1 (]: Began compiling node model.car_sales_dbt.fct_car_sales
[0m21:50:44.878926 [debug] [Thread-1 (]: Writing injected SQL for node "model.car_sales_dbt.fct_car_sales"
[0m21:50:44.886797 [debug] [Thread-1 (]: Began executing node model.car_sales_dbt.fct_car_sales
[0m21:50:44.887957 [debug] [Thread-1 (]: Finished running node model.car_sales_dbt.fct_car_sales
[0m21:50:44.888848 [debug] [Thread-1 (]: Began running node test.car_sales_dbt.not_null_dim_salespersons_salesperson_id.2fa18824ca
[0m21:50:44.889618 [debug] [Thread-1 (]: Re-using an available connection from the pool (formerly model.car_sales_dbt.fct_car_sales, now test.car_sales_dbt.not_null_dim_salespersons_salesperson_id.2fa18824ca)
[0m21:50:44.890537 [debug] [Thread-1 (]: Began compiling node test.car_sales_dbt.not_null_dim_salespersons_salesperson_id.2fa18824ca
[0m21:50:44.894610 [debug] [Thread-1 (]: Writing injected SQL for node "test.car_sales_dbt.not_null_dim_salespersons_salesperson_id.2fa18824ca"
[0m21:50:44.901891 [debug] [Thread-1 (]: Began executing node test.car_sales_dbt.not_null_dim_salespersons_salesperson_id.2fa18824ca
[0m21:50:44.902754 [debug] [Thread-1 (]: Finished running node test.car_sales_dbt.not_null_dim_salespersons_salesperson_id.2fa18824ca
[0m21:50:44.903524 [debug] [Thread-1 (]: Began running node test.car_sales_dbt.unique_dim_salespersons_salesperson_id.e0fb35ccf3
[0m21:50:44.904247 [debug] [Thread-1 (]: Re-using an available connection from the pool (formerly test.car_sales_dbt.not_null_dim_salespersons_salesperson_id.2fa18824ca, now test.car_sales_dbt.unique_dim_salespersons_salesperson_id.e0fb35ccf3)
[0m21:50:44.904932 [debug] [Thread-1 (]: Began compiling node test.car_sales_dbt.unique_dim_salespersons_salesperson_id.e0fb35ccf3
[0m21:50:44.908980 [debug] [Thread-1 (]: Writing injected SQL for node "test.car_sales_dbt.unique_dim_salespersons_salesperson_id.e0fb35ccf3"
[0m21:50:44.915793 [debug] [Thread-1 (]: Began executing node test.car_sales_dbt.unique_dim_salespersons_salesperson_id.e0fb35ccf3
[0m21:50:44.916581 [debug] [Thread-1 (]: Finished running node test.car_sales_dbt.unique_dim_salespersons_salesperson_id.e0fb35ccf3
[0m21:50:44.918624 [debug] [MainThread]: Connection 'master' was properly closed.
[0m21:50:44.919609 [debug] [MainThread]: Connection 'test.car_sales_dbt.unique_dim_salespersons_salesperson_id.e0fb35ccf3' was properly closed.
[0m21:50:44.921260 [debug] [MainThread]: Command end result
[0m21:50:45.034226 [debug] [MainThread]: Wrote artifact WritableManifest to /app/target/manifest.json
[0m21:50:45.039856 [debug] [MainThread]: Wrote artifact SemanticManifest to /app/target/semantic_manifest.json
[0m21:50:45.053253 [debug] [MainThread]: Wrote artifact RunExecutionResult to /app/target/run_results.json
[0m21:50:45.077338 [debug] [MainThread]: Acquiring new duckdb connection 'generate_catalog'
[0m21:50:45.078188 [info ] [MainThread]: Building catalog
[0m21:50:45.086090 [debug] [ThreadPool]: Acquiring new duckdb connection 'dbt.information_schema'
[0m21:50:45.090724 [debug] [ThreadPool]: Using duckdb connection "dbt.information_schema"
[0m21:50:45.091657 [debug] [ThreadPool]: On dbt.information_schema: BEGIN
[0m21:50:45.092399 [debug] [ThreadPool]: Opening a new connection, currently in state init
[0m21:50:45.093861 [debug] [ThreadPool]: SQL status: OK in 0.001 seconds
[0m21:50:45.094640 [debug] [ThreadPool]: Using duckdb connection "dbt.information_schema"
[0m21:50:45.095354 [debug] [ThreadPool]: On dbt.information_schema: /* {"app": "dbt", "dbt_version": "1.10.15", "profile_name": "car_sales_profile", "target_name": "dev", "connection_name": "dbt.information_schema"} */
with relations AS (
      select
        t.table_name
        , t.database_name
        , t.schema_name
        , 'BASE TABLE' as table_type
        , t.comment as table_comment
      from duckdb_tables() t
      WHERE t.database_name = 'dbt'
      UNION ALL
      SELECT v.view_name as table_name
      , v.database_name
      , v.schema_name
      , 'VIEW' as table_type
      , v.comment as table_comment
      from duckdb_views() v
      WHERE v.database_name = 'dbt'
    )
    select
        'dbt' as table_database,
        r.schema_name as table_schema,
        r.table_name,
        r.table_type,
        r.table_comment,
        c.column_name,
        c.column_index as column_index,
        c.data_type as column_type,
        c.comment as column_comment,
        NULL as table_owner
    FROM relations r JOIN duckdb_columns() c ON r.schema_name = c.schema_name AND r.table_name = c.table_name
    WHERE (upper(r.schema_name) = upper('main'))
    ORDER BY
        r.schema_name,
        r.table_name,
        c.column_index
[0m21:50:45.101307 [debug] [ThreadPool]: SQL status: OK in 0.005 seconds
[0m21:50:45.103970 [debug] [ThreadPool]: On dbt.information_schema: ROLLBACK
[0m21:50:45.105172 [debug] [ThreadPool]: Failed to rollback 'dbt.information_schema'
[0m21:50:45.106728 [debug] [ThreadPool]: On dbt.information_schema: Close
[0m21:50:45.119174 [debug] [MainThread]: Wrote artifact CatalogArtifact to /app/target/catalog.json
[0m21:50:45.152400 [debug] [MainThread]: Wrote artifact WritableManifest to /app/target/manifest.json
[0m21:50:45.158521 [debug] [MainThread]: Wrote artifact SemanticManifest to /app/target/semantic_manifest.json
[0m21:50:45.159581 [info ] [MainThread]: Catalog written to /app/target/catalog.json
[0m21:50:45.161095 [debug] [MainThread]: Resource report: {"command_name": "generate", "command_success": true, "command_wall_clock_time": 1.105708, "process_in_blocks": "4816", "process_kernel_time": 0.234053, "process_mem_max_rss": "156176", "process_out_blocks": "0", "process_user_time": 1.807858}
[0m21:50:45.162031 [debug] [MainThread]: Command `dbt docs generate` succeeded at 21:50:45.161905 after 1.11 seconds
[0m21:50:45.162893 [debug] [MainThread]: Connection 'generate_catalog' was properly closed.
[0m21:50:45.163870 [debug] [MainThread]: Connection 'dbt.information_schema' was properly closed.
[0m21:50:45.164964 [debug] [MainThread]: Sending event: {'category': 'dbt', 'action': 'invocation', 'label': 'end', 'context': [<snowplow_tracker.self_describing_json.SelfDescribingJson object at 0x7514b9b67210>, <snowplow_tracker.self_describing_json.SelfDescribingJson object at 0x7514fcaa5150>, <snowplow_tracker.self_describing_json.SelfDescribingJson object at 0x7514fcaa46d0>]}
[0m21:50:45.165861 [debug] [MainThread]: Flushing usage events
[0m21:50:46.017244 [debug] [MainThread]: An error was encountered while trying to flush usage events
