[0m10:38:54.450461 [debug] [MainThread]: Sending event: {'category': 'dbt', 'action': 'invocation', 'label': 'start', 'context': [<snowplow_tracker.self_describing_json.SelfDescribingJson object at 0x000001D9EEBC8C20>, <snowplow_tracker.self_describing_json.SelfDescribingJson object at 0x000001D9F0BFBED0>, <snowplow_tracker.self_describing_json.SelfDescribingJson object at 0x000001D9F0BFBB10>]}


============================== 10:38:54.475422 | 242e6dcd-2dae-4ef7-981f-2053b9d84e7a ==============================
[0m10:38:54.475422 [info ] [MainThread]: Running with dbt=1.11.0-rc1
[0m10:38:54.476394 [debug] [MainThread]: running dbt with arguments {'printer_width': '80', 'invocation_command': 'dbt init', 'profiles_dir': 'C:\\Users\\laele\\.dbt', 'no_print': 'None', 'write_json': 'True', 'warn_error': 'None', 'indirect_selection': 'eager', 'partial_parse': 'True', 'static_parser': 'True', 'send_anonymous_usage_stats': 'True', 'fail_fast': 'False', 'warn_error_options': 'WarnErrorOptionsV2(error=[], warn=[], silence=[])', 'log_path': 'logs', 'use_experimental_parser': 'False', 'version_check': 'True', 'quiet': 'False', 'introspect': 'True', 'empty': 'None', 'log_cache_events': 'False', 'debug': 'False', 'log_format': 'default', 'use_colors': 'True', 'cache_selected_only': 'False', 'target_path': 'None'}
[0m10:39:23.359284 [debug] [MainThread]: Starter project path: C:\Users\laele\AppData\Local\Packages\PythonSoftwareFoundation.Python.3.13_qbz5n2kfra8p0\LocalCache\local-packages\Python313\site-packages\dbt\include\starter_project
[0m10:39:23.472303 [info ] [MainThread]: 
Your new dbt project "dbt_valenbisi" was created!

For more information on how to configure the profiles.yml file,
please consult the dbt documentation here:

  https://docs.getdbt.com/docs/configure-your-profile

One more thing:

Need help? Don't hesitate to reach out to us via GitHub issues or on Slack:

  https://community.getdbt.com/

Happy modeling!

[0m10:39:23.473405 [info ] [MainThread]: Setting up your profile.
[0m10:43:19.566664 [info ] [MainThread]: Profile dbt_valenbisi written to C:\Users\laele\.dbt\profiles.yml using target's profile_template.yml and your supplied values. Run 'dbt debug' to validate the connection.
[0m10:43:19.569274 [debug] [MainThread]: Command `dbt init` succeeded at 10:43:19.568871 after 265.58 seconds
[0m10:43:19.570594 [debug] [MainThread]: Sending event: {'category': 'dbt', 'action': 'invocation', 'label': 'end', 'context': [<snowplow_tracker.self_describing_json.SelfDescribingJson object at 0x000001D9F0D55A70>, <snowplow_tracker.self_describing_json.SelfDescribingJson object at 0x000001D9F0CA6330>, <snowplow_tracker.self_describing_json.SelfDescribingJson object at 0x000001D9F0A6FCE0>]}
[0m10:43:19.571846 [debug] [MainThread]: Flushing usage events
[0m10:43:20.483780 [debug] [MainThread]: An error was encountered while trying to flush usage events
[0m10:43:33.847198 [debug] [MainThread]: Sending event: {'category': 'dbt', 'action': 'invocation', 'label': 'start', 'context': [<snowplow_tracker.self_describing_json.SelfDescribingJson object at 0x000001C2BE998C20>, <snowplow_tracker.self_describing_json.SelfDescribingJson object at 0x000001C2C08FBED0>, <snowplow_tracker.self_describing_json.SelfDescribingJson object at 0x000001C2C08FBB10>]}


============================== 10:43:33.857122 | d219b193-4abf-43c7-be11-97e8522901b5 ==============================
[0m10:43:33.857122 [info ] [MainThread]: Running with dbt=1.11.0-rc1
[0m10:43:33.858320 [debug] [MainThread]: running dbt with arguments {'target_path': 'None', 'printer_width': '80', 'log_format': 'default', 'use_colors': 'True', 'no_print': 'None', 'warn_error': 'None', 'log_path': 'logs', 'fail_fast': 'False', 'static_parser': 'True', 'send_anonymous_usage_stats': 'True', 'indirect_selection': 'eager', 'warn_error_options': 'WarnErrorOptionsV2(error=[], warn=[], silence=[])', 'partial_parse': 'True', 'use_experimental_parser': 'False', 'version_check': 'True', 'quiet': 'False', 'introspect': 'True', 'empty': 'None', 'log_cache_events': 'False', 'debug': 'False', 'profiles_dir': 'C:\\Users\\laele\\.dbt', 'invocation_command': 'dbt debug', 'cache_selected_only': 'False', 'write_json': 'True'}
[0m10:43:33.911448 [info ] [MainThread]: dbt version: 1.11.0-rc1
[0m10:43:33.912749 [info ] [MainThread]: python version: 3.13.9
[0m10:43:33.913639 [info ] [MainThread]: python path: C:\Users\laele\AppData\Local\Microsoft\WindowsApps\PythonSoftwareFoundation.Python.3.13_qbz5n2kfra8p0\python.exe
[0m10:43:33.914489 [info ] [MainThread]: os info: Windows-11-10.0.26200-SP0
[0m10:43:34.399375 [info ] [MainThread]: Using profiles dir at C:\Users\laele\.dbt
[0m10:43:34.400372 [info ] [MainThread]: Using profiles.yml file at C:\Users\laele\.dbt\profiles.yml
[0m10:43:34.401398 [info ] [MainThread]: Using dbt_project.yml file at C:\Users\laele\OneDrive\Documentos\GitHub\Reto-Valencia\dbt_project.yml
[0m10:43:34.402526 [error] [MainThread]: Encountered an error:
Internal Error
  Profile should not be None if loading profile completed
[0m10:43:34.404133 [debug] [MainThread]: Command `dbt debug` failed at 10:43:34.403940 after 0.85 seconds
[0m10:43:34.404646 [debug] [MainThread]: Sending event: {'category': 'dbt', 'action': 'invocation', 'label': 'end', 'context': [<snowplow_tracker.self_describing_json.SelfDescribingJson object at 0x000001C2C0A03490>, <snowplow_tracker.self_describing_json.SelfDescribingJson object at 0x000001C2C0ACEF90>, <snowplow_tracker.self_describing_json.SelfDescribingJson object at 0x000001C2C099B240>]}
[0m10:43:34.405152 [debug] [MainThread]: Flushing usage events
[0m10:43:35.201488 [debug] [MainThread]: An error was encountered while trying to flush usage events
